******************************************************************************
                  TI ARM Linker Unix v15.12.3                  
******************************************************************************
>> Linked Sat Nov 12 19:19:12 2016

OUTPUT FILE NAME:   <pwmled_MSP_EXP432P401R_TI.out>
ENTRY POINT SYMBOL: "_c_int00"  address: 000070c1


MEMORY CONFIGURATION

         name            origin    length      used     unused   attr    fill
----------------------  --------  ---------  --------  --------  ----  --------
  MAIN                  00000000   00040000  0000c4fe  00033b02  R  X
  INFO                  00200000   00004000  00000000  00004000  R  X
  SRAM_CODE             01000000   00010000  00000000  00010000  RW X
  SRAM_DATA             20000000   00010000  00002841  0000d7bf  RW  


SEGMENT ALLOCATION MAP

run origin  load origin   length   init length attrs members
----------  ----------- ---------- ----------- ----- -------
00000000    00000000    0000c50c   0000c50c    r-x
  00000000    00000000    0000003c   0000003c    r-- .resetVecs
  00000040    00000040    00009802   00009802    r-x .text
  00009848    00009848    0000281c   0000281c    r-- .const
  0000c068    0000c068    000004a4   000004a4    r-- .cinit
20000000    20000000    00000140   00000000    rw-
  20000000    20000000    00000140   00000000    rw- .vecs
20000180    20000180    00002301   00000000    rw-
  20000180    20000180    00001bb0   00000000    rw- .bss
  20001d30    20001d30    00000751   00000000    rw- .data
2000fc00    2000fc00    00000400   00000000    rw-
  2000fc00    2000fc00    00000400   00000000    rw- .stack


SECTION ALLOCATION MAP

 output                                  attributes/
section   page    origin      length       input sections
--------  ----  ----------  ----------   ----------------
.text      0    00000040    00009802     
                  00000040    00000740     rtsv7M4_T_le_v4SPD16_eabi.lib : k_rem_pio2.obj (.text)
                  00000780    000005e4                                   : s_cos.obj (.text)
                  00000d64    000005d0                                   : s_sin.obj (.text)
                  00001334    00000004     msp432p4xx_driverlib.lib : cpu.o (.text:CPU_wfi)
                  00001338    00000430     sysbios.aem4f : BIOS.obj (.text:ti_sysbios_family_arm_m3_Hwi_excDumpRegs__I)
                  00001768    00000350     pwmled.obj (.text:taskSensorFxn)
                  00001ab8    0000034c     ti.targets.arm.rtsarm.aem4f : System.oem4f (.text:xdc_runtime_System_doPrint__I)
                  00001e04    00000324     rtsv7M4_T_le_v4SPD16_eabi.lib : trgdrv.obj (.text)
                  00002128    000002ec                                   : s_atan.obj (.text)
                  00002414    000002a4     pwmled.obj (.text:taskControlFxn)
                  000026b8    00000264     drivers_MSP432P401R.aem4f : PowerMSP432.oem4f (.text:Power_sleep)
                  0000291c    000001f4     rtsv7M4_T_le_v4SPD16_eabi.lib : ull_div_t2.obj (.text)
                  00002b10    000001ec                                   : e_atan2.obj (.text)
                  00002cfc    000001ec     pwmled_pem4f.oem4f (.text:xdc_runtime_System_printfExtend__I)
                  00002ee8    000001b6     rtsv7M4_T_le_v4SPD16_eabi.lib : fd_add_t2.obj (.text)
                  0000309e    000001a0     msp432p4xx_driverlib.lib : pcm.o (.text:__PCM_setPowerStateAdvanced)
                  0000323e    00000002     power_tirtos_MSP432P401R.aem4f : PowerMSP432_tirtos.oem4f (.text:PowerMSP432_initPolicy)
                  00003240    000001a0     pwmled.obj (.text:taskPathFxn)
                  000033e0    00000174     rtsv7M4_T_le_v4SPD16_eabi.lib : k_sin.obj (.text)
                  00003554    00000004     tirtosport.aem4f : HwiP_tirtos.oem4f (.text:HwiP_disable)
                  00003558    00000174     sysbios.aem4f : BIOS.obj (.text:ti_sysbios_family_arm_m3_Hwi_excBusFault__I)
                  000036cc    00000170     rtsv7M4_T_le_v4SPD16_eabi.lib : e_sqrt.obj (.text)
                  0000383c    0000016c                                   : k_cos.obj (.text)
                  000039a8    00000164     sysbios.aem4f : BIOS.obj (.text:ti_sysbios_family_arm_m3_Hwi_excUsageFault__I)
                  00003b0c    0000015c     pwmled.obj (.text:main)
                  00003c68    00000148     sysbios.aem4f : BIOS.obj (.text:ti_sysbios_family_arm_m3_Hwi_excMemFault__I)
                  00003db0    00000140     drivers_MSP432P401R.aem4f : GPIOMSP432.oem4f (.text:GPIO_setConfig)
                  00003ef0    00000138     pwmled_pem4f.oem4f (.text:ti_uia_loggers_LoggerStopMode_writeMemoryRange__E)
                  00004028    00000136     rtsv7M4_T_le_v4SPD16_eabi.lib : fd_div_t2.obj (.text)
                  0000415e    00000002                                   : i_div0.obj (.text)
                  00004160    00000128     sysbios.aem4f : BIOS.obj (.text:ti_sysbios_knl_Semaphore_pend__E)
                  00004288    00000118     ti.targets.arm.rtsarm.aem4f : Error.oem4f (.text:xdc_runtime_Error_policyDefault__E)
                  000043a0    0000010c     sysbios.aem4f : BIOS.obj (.text:ti_sysbios_family_arm_m3_Hwi_excFillContext__I)
                  000044ac    00000004     drivers_MSP432P401R.aem4f : List.oem4f (.text:List_head)
                  000044b0    0000010c     sysbios.aem4f : BIOS.obj (.text:ti_sysbios_family_arm_m3_Hwi_excHandlerMax__I)
                  000045bc    0000010c     pwmled_pem4f.oem4f (.text:ti_uia_loggers_LoggerStopMode_write8__E)
                  000046c8    00000100     ti.targets.arm.rtsarm.aem4f : Core-mem.oem4f (.text:xdc_runtime_Core_createObject__I)
                  000047c8    000000fc     rtsv7M4_T_le_v4SPD16_eabi.lib : fd_mul_t2.obj (.text)
                  000048c4    000000fc                                   : s_scalbn.obj (.text)
                  000049c0    000000f8                                   : s_floor.obj (.text)
                  00004ab8    000000f8     ti.targets.arm.rtsarm.aem4f : Startup.oem4f (.text:xdc_runtime_Startup_startMods__I)
                  00004bb0    000000f4     pwmled_pem4f.oem4f (.text:ti_uia_loggers_LoggerStopMode_write4__E)
                  00004ca4    000000f0     drivers_MSP432P401R.aem4f : PowerMSP432.oem4f (.text:initPerfControl)
                  00004d94    000000ec     sysbios.aem4f : m3_Hwi_asm.obj (.text:ti_sysbios_family_arm_m3_Hwi_dispatch__I)
                  00004e80    000000e8     pwmled_pem4f.oem4f (.text:ti_uia_loggers_LoggerStopMode_write2__E)
                  00004f68    000000e4     pwmled_pem4f.oem4f (.text:ti_uia_loggers_LoggerStopMode_write1__E)
                  0000504c    000000e2     drivers_MSP432P401R.aem4f : PWMTimerMSP432.oem4f (.text:initHw)
                  0000512e    00000002     pwmled_pem4f.oem4f (.text:ti_sysbios_BIOS_nullFunc__I)
                  00005130    000000e0     msp432p4xx_driverlib.lib : cs.o (.text:CS_initClockSignal)
                  00005210    000000dc                              : pcm.o (.text:__PCM_setPowerModeAdvanced)
                  000052ec    000000d8     pwmled_pem4f.oem4f (.text:ti_uia_loggers_LoggerStopMode_write0__E)
                  000053c4    00000004     drivers_MSP432P401R.aem4f : List.oem4f (.text:List_next)
                  000053c8    000000cc     sysbios.aem4f : BIOS.obj (.text:ti_sysbios_heaps_HeapMem_alloc__E)
                  00005494    00000004     pwmled_pem4f.oem4f (.text:ti_sysbios_BIOS_RtsGateProxy_enter__E)
                  00005498    000000cc     sysbios.aem4f : BIOS.obj (.text:ti_sysbios_knl_Task_Instance_init__E)
                  00005564    000000cc     ti.targets.arm.rtsarm.aem4f : Core-smem.oem4f (.text:xdc_runtime_Core_constructObject__I)
                  00005630    000000bc     sysbios.aem4f : BIOS.obj (.text:ti_sysbios_family_arm_m3_Hwi_excDebugMon__I)
                  000056ec    00000004     pwmled_pem4f.oem4f (.text:ti_sysbios_BIOS_RtsGateProxy_leave__E)
                  000056f0    000000bc     sysbios.aem4f : BIOS.obj (.text:ti_sysbios_family_arm_m3_Hwi_excHardFault__I)
                  000057ac    00000004     pwmled_pem4f.oem4f (.text:ti_sysbios_family_arm_m3_TaskSupport_Module__startupDone__S)
                  000057b0    000000b8     sysbios.aem4f : BIOS.obj (.text:ti_sysbios_knl_Task_sleep__E)
                  00005868    000000b4                   : BIOS.obj (.text:ti_sysbios_knl_Task_Instance_finalize__E)
                  0000591c    00000004     pwmled_pem4f.oem4f (.text:ti_sysbios_heaps_HeapMem_Module_GateProxy_enter__E)
                  00005920    000000b4     sysbios.aem4f : BIOS.obj (.text:ti_sysbios_knl_Task_checkStacks__E)
                  000059d4    000000b2     msp432p4xx_driverlib.lib : timer_a.o (.text:privateTimer_AProcessClockSourceDivider)
                  00005a86    00000002     pwmled_pem4f.oem4f (.text:ti_uia_loggers_LoggerStopMode_setFilterLevel__E)
                  00005a88    000000b0     msp432p4xx_driverlib.lib : pcm.o (.text:__PCM_setCoreVoltageLevelAdvanced)
                  00005b38    000000ac     drivers_MSP432P401R.aem4f : PWMTimerMSP432.oem4f (.text:PWMTimerMSP432_open)
                  00005be4    00000004     pwmled_pem4f.oem4f (.text:ti_sysbios_heaps_HeapMem_Module_GateProxy_leave__E)
                  00005be8    000000a8     sysbios.aem4f : BIOS.obj (.text:ti_sysbios_family_arm_msp432_Timer_periodicStub__E)
                  00005c90    000000a0     auto_init.aem4f : auto_init.oem4f (.text)
                  00005d30    000000a0     ti.targets.arm.rtsarm.aem4f : Text.oem4f (.text:xdc_runtime_Text_putMod__E)
                  00005dd0    0000009c     rtsv7M4_T_le_v4SPD16_eabi.lib : memcpy_t2.obj (.text)
                  00005e6c    0000009a     ti.targets.arm.rtsarm.aem4f : Text.oem4f (.text:xdc_runtime_Text_putSite__E)
                  00005f06    00000002     ti.uia.loggers.aem4f : LoggerStopMode.oem4f (.text:ti_uia_loggers_LoggerStopMode_setPriority__E)
                  00005f08    00000094     sysbios.aem4f : BIOS.obj (.text:ti_sysbios_family_arm_m3_Hwi_Instance_init__E)
                  00005f9c    00000004     pwmled_pem4f.oem4f (.text:ti_sysbios_knl_Clock_TimerProxy_getMaxTicks__E)
                  00005fa0    00000094     sysbios.aem4f : BIOS.obj (.text:ti_sysbios_family_arm_m3_Hwi_initNVIC__E)
                  00006034    00000092     drivers_MSP432P401R.aem4f : PWMTimerMSP432.oem4f (.text:PWMTimerMSP432_setPeriod)
                  000060c6    00000002     --HOLE-- [fill = 0]
                  000060c8    00000090     ti.uia.loggers.aem4f : LoggerStopMode.oem4f (.text:ti_uia_loggers_LoggerStopMode_initQueueDescriptor__E)
                  00006158    0000008c     sysbios.aem4f : m3_TaskSupport_asm.obj (.text:ti_sysbios_family_arm_m3_TaskSupport_buildTaskStack)
                  000061e4    00000004     pwmled_pem4f.oem4f (.text:ti_sysbios_knl_Queue_destruct)
                  000061e8    0000008c     sysbios.aem4f : BIOS.obj (.text:ti_sysbios_knl_Task_postInit__I)
                  00006274    00000086     rtsv7M4_T_le_v4SPD16_eabi.lib : fd_cmp_t2.obj (.text:__aeabi_cdcmple)
                  000062fa    00000086                                   : fd_cmp_t2.obj (.text:__aeabi_cdrcmple)
                  00006380    00000084     drivers_MSP432P401R.aem4f : PWMTimerMSP432.oem4f (.text:PWMTimerMSP432_setDuty)
                  00006404    00000004     pwmled_pem4f.oem4f (.text:ti_sysbios_knl_Semaphore_destruct)
                  00006408    00000084     sysbios.aem4f : BIOS.obj (.text:ti_sysbios_family_arm_m3_Hwi_postInit__I)
                  0000648c    00000004     ti.uia.loggers.aem4f : LoggerStopMode.oem4f (.text:ti_uia_loggers_LoggerStopMode_getContents__E)
                  00006490    00000080     sysbios.aem4f : BIOS.obj (.text:ti_sysbios_utils_Load_updateLoads__E)
                  00006510    0000007c     msp432p4xx_driverlib.lib : pcm.o (.text:PCM_gotoLPM3)
                  0000658c    00000004     pwmled_pem4f.oem4f (.text:ti_uia_loggers_LoggerStopMode_getFilterLevel__E)
                  00006590    0000007c     sysbios.aem4f : BIOS.obj (.text:ti_sysbios_family_arm_m3_TimestampProvider_get64__E)
                  0000660c    00000004     ti.uia.loggers.aem4f : LoggerStopMode.oem4f (.text:ti_uia_loggers_LoggerStopMode_getInstanceId__E)
                  00006610    0000007c     sysbios.aem4f : BIOS.obj (.text:ti_sysbios_heaps_HeapMem_free__E)
                  0000668c    0000007a     rtsv7M4_T_le_v4SPD16_eabi.lib : memset_t2.obj (.text)
                  00006706    00000002     --HOLE-- [fill = 0]
                  00006708    00000074     ti.uia.runtime.aem4f : QueueDescriptor.oem4f (.text:ti_uia_runtime_QueueDescriptor_addToList__E)
                  0000677c    00000004     ti.uia.loggers.aem4f : LoggerStopMode.oem4f (.text:ti_uia_loggers_LoggerStopMode_getMaxLength__E)
                  00006780    00000070     sysbios.aem4f : BIOS.obj (.text:ti_sysbios_knl_Semaphore_post__E)
                  000067f0    0000006e     rtsv7M4_T_le_v4SPD16_eabi.lib : fd_tos_t2.obj (.text)
                  0000685e    00000002     --HOLE-- [fill = 0]
                  00006860    0000006d     ti.targets.arm.rtsarm.aem4f : System.oem4f (.text:xdc_runtime_System_formatNum__I)
                  000068cd    00000003     --HOLE-- [fill = 0]
                  000068d0    0000006c     sysbios.aem4f : BIOS.obj (.text:ti_sysbios_knl_Clock_workFunc__E)
                  0000693c    00000004     ti.uia.loggers.aem4f : LoggerStopMode.oem4f (.text:ti_uia_loggers_LoggerStopMode_getPriority__E)
                  00006940    0000006c     sysbios.aem4f : BIOS.obj (.text:ti_sysbios_knl_Swi_restoreHwi__E)
                  000069ac    00000004     ti.uia.loggers.aem4f : LoggerStopMode.oem4f (.text:ti_uia_loggers_LoggerStopMode_getTransferType__E)
                  000069b0    0000006c     sysbios.aem4f : BIOS.obj (.text:ti_sysbios_knl_Task_exit__E)
                  00006a1c    0000006c     ti.targets.arm.rtsarm.aem4f : Error.oem4f (.text:xdc_runtime_Error_print__E)
                  00006a88    0000006c                                 : Memory.oem4f (.text:xdc_runtime_Memory_alloc__E)
                  00006af4    0000006a     rtsv7M4_T_le_v4SPD16_eabi.lib : copy_decompress_rle.obj (.text)
                  00006b5e    00000002     --HOLE-- [fill = 0]
                  00006b60    00000068                                   : trgmsg.obj (.text)
                  00006bc8    00000066     ti.uia.loggers.aem4f : LoggerStopMode.oem4f (.text:ti_uia_loggers_LoggerStopMode_flush__E)
                  00006c2e    00000066     ti.targets.arm.rtsarm.aem4f : Core-mem.oem4f (.text:xdc_runtime_Core_deleteObject__I)
                  00006c94    00000004                                 : Error.oem4f (.text:xdc_runtime_Error_getSite__E)
                  00006c98    00000064     sysbios.aem4f : BIOS.obj (.text:ti_sysbios_family_arm_m3_Hwi_dispatchC__I)
                  00006cfc    00000004     pwmled_pem4f.oem4f (.text:xdc_runtime_System_Module_GateProxy_enter__E)
                  00006d00    00000064     sysbios.aem4f : BIOS.obj (.text:ti_sysbios_utils_Load_idleFxn__E)
                  00006d64    00000062     tirtosport.aem4f : HwiP_tirtos.oem4f (.text:HwiP_create)
                  00006dc6    00000002     --HOLE-- [fill = 0]
                  00006dc8    00000060     sysbios.aem4f : BIOS.obj (.text:ti_sysbios_family_arm_m3_TimestampProvider_get32__E)
                  00006e28    00000060                   : BIOS.obj (.text:ti_sysbios_knl_Task_schedule__I)
                  00006e88    0000005c     drivers_MSP432P401R.aem4f : GPIOMSP432.oem4f (.text:GPIO_init)
                  00006ee4    00000004     pwmled_pem4f.oem4f (.text:xdc_runtime_System_Module_GateProxy_leave__E)
                  00006ee8    0000005c     sysbios.aem4f : BIOS.obj (.text:ti_sysbios_knl_Swi_run__I)
                  00006f44    00000004     ti.targets.arm.rtsarm.aem4f : System.oem4f (.text:xdc_runtime_System_aprintf_va__F)
                  00006f48    0000005c     sysbios.aem4f : BIOS.obj (.text:ti_sysbios_knl_Swi_schedule__I)
                  00006fa4    00000004     ti.targets.arm.rtsarm.aem4f : System.oem4f (.text:xdc_runtime_System_printf_va__F)
                  00006fa8    0000005c     sysbios.aem4f : BIOS.obj (.text:ti_sysbios_knl_Task_Module_startup__E)
                  00007004    00000004     --HOLE-- [fill = 0]
                  00007008    0000005c                   : BIOS.obj (.text:ti_sysbios_knl_Task_startCore__E)
                  00007064    0000005b     ti.targets.arm.rtsarm.aem4f : Text.oem4f (.text:xdc_runtime_Text_putLab__E)
                  000070bf    00000001     --HOLE-- [fill = 0]
                  000070c0    00000058     boot.aem4f : boot.oem4f (.text)
                  00007118    00000058     pwmled_pem4f.oem4f (.text:ti_sysbios_family_arm_m3_Hwi_construct)
                  00007170    00000058     sysbios.aem4f : m3_Hwi_asm_switch.obj (.text:ti_sysbios_family_arm_m3_Hwi_initStacks__E)
                  000071c8    00000054     drivers_MSP432P401R.aem4f : GPIOMSP432.oem4f (.text:GPIO_hwiIntFxn)
                  0000721c    00000054                               : GPIOMSP432.oem4f (.text:GPIO_setCallback)
                  00007270    00000054                               : PWMTimerMSP432.oem4f (.text:PWMTimerMSP432_stop)
                  000072c4    00000054     rtsv7M4_T_le_v4SPD16_eabi.lib : exit.obj (.text)
                  00007318    00000054     sysbios.aem4f : BIOS.obj (.text:ti_sysbios_family_arm_m3_Timer_start__E)
                  0000736c    00000004     --HOLE-- [fill = 0]
                  00007370    00000054                   : BIOS.obj (.text:ti_sysbios_family_arm_msp432_Timer_initDevice__I)
                  000073c4    00000004     --HOLE-- [fill = 0]
                  000073c8    00000054                   : BIOS.obj (.text:ti_sysbios_family_arm_msp432_init_Boot_configureClocksHigh)
                  0000741c    00000054     pwmled_pem4f.oem4f (.text:ti_sysbios_knl_Task_construct)
                  00007470    00000054     ti.targets.arm.rtsarm.aem4f : Assert.oem4f (.text:xdc_runtime_Assert_raise__I)
                  000074c4    00000050     msp432p4xx_driverlib.lib : pcm.o (.text:PCM_shutdownDevice)
                  00007514    00000050     drivers_MSP432P401R.aem4f : PWMTimerMSP432.oem4f (.text:PWMTimerMSP432_close)
                  00007564    00000004     --HOLE-- [fill = 0]
                  00007568    00000050     sysbios.aem4f : BIOS.obj (.text:ti_sysbios_family_arm_m3_Hwi_Module_startup__E)
                  000075b8    00000050     ti.targets.arm.rtsarm.aem4f : Startup.oem4f (.text:xdc_runtime_Startup_exec__E)
                  00007608    00000050                                 : Text.oem4f (.text:xdc_runtime_Text_visitRope2__I)
                  00007658    0000004c     msp432p4xx_driverlib.lib : gpio.o (.text:GPIO_setAsPeripheralModuleFunctionOutputPin)
                  000076a4    0000004c     rtsv7M4_T_le_v4SPD16_eabi.lib : cpy_tbl.obj (.text)
                  000076f0    0000004c     sysbios.aem4f : BIOS.obj (.text:ti_sysbios_family_arm_msp432_Timer_start__E)
                  0000773c    00000004     --HOLE-- [fill = 0]
                  00007740    0000004c                   : BIOS.obj (.text:ti_sysbios_heaps_HeapMem_getStats__E)
                  0000778c    00000004     --HOLE-- [fill = 0]
                  00007790    0000004c                   : BIOS.obj (.text:ti_sysbios_knl_Swi_runLoop__I)
                  000077dc    00000004     --HOLE-- [fill = 0]
                  000077e0    0000004c                   : BIOS.obj (.text:ti_sysbios_knl_Task_allBlockedFunction__I)
                  0000782c    0000004c     ti.uia.loggers.aem4f : LoggerStopMode.oem4f (.text:ti_uia_loggers_LoggerStopMode_Module_startup__E)
                  00007878    00000048     msp432p4xx_driverlib.lib : timer_a.o (.text:Timer_A_generatePWM)
                  000078c0    00000048     rtsv7M4_T_le_v4SPD16_eabi.lib : fd_toi_t2.obj (.text)
                  00007908    00000048     sysbios.aem4f : BIOS.obj (.text:ti_sysbios_family_arm_m3_Hwi_disableInterrupt__E)
                  00007950    00000048                   : BIOS.obj (.text:ti_sysbios_family_arm_m3_Hwi_enableInterrupt__E)
                  00007998    00000048                   : BIOS.obj (.text:ti_sysbios_family_arm_m3_Hwi_excReserved__I)
                  000079e0    00000048                   : BIOS.obj (.text:ti_sysbios_family_arm_m3_Timer_initDevice__I)
                  00007a28    00000048                   : BIOS.obj (.text:ti_sysbios_family_arm_m3_Timer_setPeriod__E)
                  00007a70    00000046     ti.targets.arm.rtsarm.aem4f : Core-params.oem4f (.text:xdc_runtime_Core_assignParams__I)
                  00007ab6    00000002     --HOLE-- [fill = 0]
                  00007ab8    00000044     drivers_MSP432P401R.aem4f : PowerMSP432.oem4f (.text:Power_init)
                  00007afc    00000044     rtsv7M4_T_le_v4SPD16_eabi.lib : fd_tou_t2.obj (.text)
                  00007b40    00000044     sysbios.aem4f : BIOS.obj (.text:ti_sysbios_family_arm_m3_Hwi_getStackInfo__E)
                  00007b84    00000004     --HOLE-- [fill = 0]
                  00007b88    00000044                   : BIOS.obj (.text:ti_sysbios_knl_Swi_post__E)
                  00007bcc    00000044     ti.uia.loggers.aem4f : LoggerStopMode.oem4f (.text:ti_uia_loggers_LoggerStopMode_initBuffer__I)
                  00007c10    00000044     ti.targets.arm.rtsarm.aem4f : Error.oem4f (.text:xdc_runtime_Error_setX__E)
                  00007c54    00000044                                 : SysMin.oem4f (.text:xdc_runtime_SysMin_flush__E)
                  00007c98    00000044                                 : Text.oem4f (.text:xdc_runtime_Text_xprintf__I)
                  00007cdc    00000040     msp432p4xx_driverlib.lib : flash.o (.text:FlashCtl_disableReadBuffering)
                  00007d1c    00000040     drivers_MSP432P401R.aem4f : PWMTimerMSP432.oem4f (.text:PWMTimerMSP432_start)
                  00007d5c    00000040                               : PowerMSP432.oem4f (.text:notify)
                  00007d9c    00000040     rtsv7M4_T_le_v4SPD16_eabi.lib : u_divt2.obj (.text)
                  00007ddc    00000004     --HOLE-- [fill = 0]
                  00007de0    00000040     sysbios.aem4f : BIOS.obj (.text:ti_sysbios_family_arm_msp432_Timer_Module_startup__E)
                  00007e20    00000040                   : BIOS.obj (.text:ti_sysbios_family_arm_msp432_Timer_startup__E)
                  00007e60    00000040                   : BIOS.obj (.text:ti_sysbios_heaps_HeapMem_Instance_init__E)
                  00007ea0    0000003c     power_tirtos_MSP432P401R.aem4f : PowerMSP432_tirtos.oem4f (.text:PowerMSP432_sleepPolicy)
                  00007edc    0000003c     drivers_MSP432P401R.aem4f : PWMTimerMSP432.oem4f (.text:getPeriodCounts)
                  00007f18    0000003c     sysbios.aem4f : BIOS.obj (.text:ti_sysbios_family_arm_m3_Hwi_excSvCall__I)
                  00007f54    00000004     --HOLE-- [fill = 0]
                  00007f58    0000003c                   : BIOS.obj (.text:ti_sysbios_heaps_HeapMem_init__I)
                  00007f94    00000004     --HOLE-- [fill = 0]
                  00007f98    0000003c                   : BIOS.obj (.text:ti_sysbios_knl_Swi_restore__E)
                  00007fd4    00000038     drivers_MSP432P401R.aem4f : PWM.oem4f (.text:PWM_init)
                  0000800c    00000038                               : PWMTimerMSP432.oem4f (.text:getDutyCounts)
                  00008044    00000038     rtsv7M4_T_le_v4SPD16_eabi.lib : fs_tod_t2.obj (.text)
                  0000807c    00000004     --HOLE-- [fill = 0]
                  00008080    00000038     sysbios.aem4f : BIOS.obj (.text:ti_sysbios_family_arm_m3_Hwi_excNoIsr__I)
                  000080b8    00000038     ti.targets.arm.rtsarm.aem4f : SysMin.oem4f (.text:xdc_runtime_SysMin_putch__E)
                  000080f0    00000038                                 : System.oem4f (.text:xdc_runtime_System_atexit__E)
                  00008128    00000034     msp432p4xx_driverlib.lib : flash.o (.text:FlashCtl_enableReadBuffering)
                  0000815c    00000034     pwmled_pem4f.oem4f (.text:ti_sysbios_BIOS_startFunc__I)
                  00008190    00000034     sysbios.aem4f : BIOS.obj (.text:ti_sysbios_family_arm_m3_Hwi_Instance_finalize__E)
                  000081c4    00000004     --HOLE-- [fill = 0]
                  000081c8    00000034                   : BIOS.obj (.text:ti_sysbios_family_arm_m3_Hwi_excNmi__I)
                  000081fc    00000004     --HOLE-- [fill = 0]
                  00008200    00000034                   : BIOS.obj (.text:ti_sysbios_family_arm_m3_Timer_periodicStub__I)
                  00008234    00000004     --HOLE-- [fill = 0]
                  00008238    00000034                   : BIOS.obj (.text:ti_sysbios_hal_Hwi_checkStack)
                  0000826c    00000034     ti.uia.loggers.aem4f : LoggerStopMode.oem4f (.text:ti_uia_loggers_LoggerStopMode_reset__E)
                  000082a0    00000034     ti.targets.arm.rtsarm.aem4f : Core-label.oem4f (.text:xdc_runtime_Core_assignLabel__I)
                  000082d4    00000033                                 : Text.oem4f (.text:xdc_runtime_Text_printVisFxn__I)
                  00008307    00000001     --HOLE-- [fill = 0]
                  00008308    00000032     sysbios.aem4f : BIOS.obj (.text:ti_sysbios_hal_Hwi_initStack)
                  0000833a    00000002     --HOLE-- [fill = 0]
                  0000833c    00000030     msp432p4xx_driverlib.lib : gpio.o (.text:GPIO_getEnabledInterruptStatus)
                  0000836c    00000030                              : gpio.o (.text:GPIO_setAsInputPinWithPullDownResistor)
                  0000839c    00000030                              : gpio.o (.text:GPIO_setAsInputPinWithPullUpResistor)
                  000083cc    00000030     drivers_MSP432P401R.aem4f : PWM.oem4f (.text:PWM_open)
                  000083fc    00000030     pwmled_pem4f.oem4f (.text:ti_sysbios_BIOS_atExitFunc__I)
                  0000842c    00000004     --HOLE-- [fill = 0]
                  00008430    00000030     sysbios.aem4f : BIOS.obj (.text:ti_sysbios_family_arm_m3_TaskSupport_start__E)
                  00008460    00000030                   : BIOS.obj (.text:ti_sysbios_family_arm_msp432_Timer_setPeriod__E)
                  00008490    00000030     pwmled_pem4f.oem4f (.text:ti_sysbios_gates_GateHwi_Object__create__S)
                  000084c0    00000030     pwmled_pem4f.oem4f (.text:ti_sysbios_gates_GateMutex_Object__create__S)
                  000084f0    00000030     sysbios.aem4f : BIOS.obj (.text:ti_sysbios_gates_GateMutex_enter__E)
                  00008520    00000030     pwmled_pem4f.oem4f (.text:ti_sysbios_heaps_HeapMem_Object__create__S)
                  00008550    00000030     pwmled_pem4f.oem4f (.text:ti_sysbios_knl_Semaphore_construct)
                  00008580    00000030     sysbios.aem4f : BIOS.obj (.text:ti_sysbios_knl_Semaphore_pendTimeout__I)
                  000085b0    00000030                   : BIOS.obj (.text:ti_sysbios_knl_Task_processVitalTaskFlag__I)
                  000085e0    00000030                   : BIOS.obj (.text:ti_sysbios_knl_Task_unblockI__E)
                  00008610    00000030                   : BIOS.obj (.text:ti_sysbios_utils_Load_updateCurrentThreadTime__E)
                  00008640    00000030     pwmled_pem4f.oem4f (.text:ti_uia_loggers_LoggerStopMode_Object__create__S)
                  00008670    00000030     ti.targets.arm.rtsarm.aem4f : SysMin.oem4f (.text:xdc_runtime_SysMin_abort__E)
                  000086a0    00000030                                 : System.oem4f (.text:xdc_runtime_System_processAtExit__E)
                  000086d0    0000002e     rtsv7M4_T_le_v4SPD16_eabi.lib : i_tofd_t2.obj (.text)
                  000086fe    00000002     --HOLE-- [fill = 0]
                  00008700    0000002c     msp432p4xx_driverlib.lib : gpio.o (.text:GPIO_setAsInputPin)
                  0000872c    0000002c                              : pcm.o (.text:PCM_getCoreVoltageLevel)
                  00008758    0000002c     power_tirtos_MSP432P401R.aem4f : PowerMSP432_tirtos.oem4f (.text:PowerMSP432_updateFreqs)
                  00008784    0000002c     drivers_MSP432P401R.aem4f : PowerMSP432.oem4f (.text:Power_releaseConstraint)
                  000087b0    0000002c                               : PowerMSP432.oem4f (.text:Power_setConstraint)
                  000087dc    0000002c     pwmled_pem4f.oem4f (.text:ti_sysbios_knl_Clock_doTick__I)
                  00008808    0000002c     pwmled_pem4f.oem4f (.text:ti_sysbios_knl_Queue_construct)
                  00008834    00000004     --HOLE-- [fill = 0]
                  00008838    0000002c     sysbios.aem4f : BIOS.obj (.text:ti_sysbios_knl_Task_restore__E)
                  00008864    0000002c     ti.targets.arm.rtsarm.aem4f : Text.oem4f (.text:xdc_runtime_Text_cordText__E)
                  00008890    0000002a     msp432p4xx_driverlib.lib : pcm.o (.text:PCM_getPowerMode)
                  000088ba    0000002a     ti.targets.arm.rtsarm.aem4f : System.oem4f (.text:xdc_runtime_System_putchar__I)
                  000088e4    00000028     msp432p4xx_driverlib.lib : flash.o (.text:FlashCtl_setWaitState)
                  0000890c    00000028     drivers_MSP432P401R.aem4f : GPIOMSP432.oem4f (.text:GPIO_enableInt)
                  00008934    00000028     msp432p4xx_driverlib.lib : pcm.o (.text:PCM_gotoLPM0)
                  0000895c    00000004     --HOLE-- [fill = 0]
                  00008960    00000028     sysbios.aem4f : BIOS.obj (.text:ti_sysbios_knl_Clock_addI__E)
                  00008988    00000028                   : BIOS.obj (.text:ti_sysbios_knl_Swi_Module_startup__E)
                  000089b0    00000026                   : m3_Hwi_asm.obj (.text:ti_sysbios_family_arm_m3_Hwi_pendSV__I)
                  000089d6    00000026     ti.targets.arm.rtsarm.aem4f : System.oem4f (.text:xdc_runtime_System_avprintf__E)
                  000089fc    00000024     msp432p4xx_driverlib.lib : cs.o (.text:CS_setDCOCenteredFrequency)
                  00008a20    00000024                              : gpio.o (.text:GPIO_setAsOutputPin)
                  00008a44    00000024                              : rtc_c.o (.text:RTC_C_holdClock)
                  00008a68    00000024                              : rtc_c.o (.text:RTC_C_startClock)
                  00008a8c    00000024     pwmled_pem4f.oem4f (.text:ti_sysbios_BIOS_errorRaiseHook__I)
                  00008ab0    00000024     pwmled_pem4f.oem4f (.text:ti_sysbios_BIOS_registerRTSLock__I)
                  00008ad4    00000024     pwmled_pem4f.oem4f (.text:ti_sysbios_BIOS_removeRTSLock__I)
                  00008af8    00000024     sysbios.aem4f : BIOS.obj (.text:ti_sysbios_family_arm_m3_Timer_Module_startup__E)
                  00008b1c    00000004     --HOLE-- [fill = 0]
                  00008b20    00000024                   : BIOS.obj (.text:ti_sysbios_family_arm_m3_Timer_postInit__I)
                  00008b44    00000004     --HOLE-- [fill = 0]
                  00008b48    00000024                   : BIOS.obj (.text:ti_sysbios_family_arm_m3_Timer_startup__E)
                  00008b6c    00000004     --HOLE-- [fill = 0]
                  00008b70    00000024                   : BIOS.obj (.text:ti_sysbios_family_arm_msp432_ClockFreqs_setFrequency__E)
                  00008b94    00000004     --HOLE-- [fill = 0]
                  00008b98    00000024                   : BIOS.obj (.text:ti_sysbios_family_arm_msp432_Timer_postInit__I)
                  00008bbc    00000024     pwmled_pem4f.oem4f (.text:ti_sysbios_gates_GateMutex_Object__delete__S)
                  00008be0    00000024     sysbios.aem4f : BIOS.obj (.text:ti_sysbios_knl_Clock_Module_startup__E)
                  00008c04    00000004     --HOLE-- [fill = 0]
                  00008c08    00000024                   : BIOS.obj (.text:ti_sysbios_knl_Semaphore_Instance_init__E)
                  00008c2c    00000004     --HOLE-- [fill = 0]
                  00008c30    00000024                   : BIOS.obj (.text:ti_sysbios_knl_Task_restoreHwi__E)
                  00008c54    00000004     --HOLE-- [fill = 0]
                  00008c58    00000024                   : BIOS.obj (.text:ti_sysbios_utils_Load_updateThreadContexts__E)
                  00008c7c    00000024     ti.targets.arm.rtsarm.aem4f : System.oem4f (.text:xdc_runtime_System_vprintf__E)
                  00008ca0    00000022     pwmled_pem4f.oem4f (.text:xdc_runtime_SysMin_output__I)
                  00008cc2    00000002     --HOLE-- [fill = 0]
                  00008cc4    00000020     msp432p4xx_driverlib.lib : gpio.o (.text:GPIO_interruptEdgeSelect)
                  00008ce4    00000020     drivers_MSP432P401R.aem4f : PowerMSP432.oem4f (.text:PowerMSP432_getFreqs)
                  00008d04    00000020     rtsv7M4_T_le_v4SPD16_eabi.lib : u_tofd_t2.obj (.text)
                  00008d24    00000020     pwmled_pem4f.oem4f (.text:ti_sysbios_BIOS_rtsLock__I)
                  00008d44    00000020     sysbios.aem4f : m3_Hwi_asm.obj (.text:ti_sysbios_family_arm_m3_Hwi_excHandlerAsm__I)
                  00008d64    00000004     --HOLE-- [fill = 0]
                  00008d68    00000020                   : BIOS.obj (.text:ti_sysbios_family_arm_m3_Hwi_excHandler__I)
                  00008d88    00000020                   : BIOS.obj (.text:ti_sysbios_family_arm_m3_TimestampProvider_Module_startup__E)
                  00008da8    00000020     pwmled_pem4f.oem4f (.text:ti_sysbios_gates_GateHwi_Object__delete__S)
                  00008dc8    00000020     pwmled_pem4f.oem4f (.text:ti_sysbios_heaps_HeapMem_Object__delete__S)
                  00008de8    00000020     sysbios.aem4f : BIOS.obj (.text:ti_sysbios_knl_Idle_run__E)
                  00008e08    00000020     pwmled_pem4f.oem4f (.text:ti_sysbios_knl_Semaphore_Object__destruct__S)
                  00008e28    00000020     pwmled_pem4f.oem4f (.text:ti_uia_loggers_LoggerStopMode_Object__delete__S)
                  00008e48    00000020     ti.targets.arm.rtsarm.aem4f : Registry.oem4f (.text:xdc_runtime_Registry_findById__E)
                  00008e68    00000020                                 : SysMin.oem4f (.text:xdc_runtime_SysMin_Module_startup__E)
                  00008e88    0000001e     drivers_MSP432P401R.aem4f : PWMTimerMSP432.oem4f (.text:corroboratePeriod)
                  00008ea6    0000001e     sysbios.aem4f : m3_Hwi_asm_switch.obj (.text:ti_sysbios_family_xxx_Hwi_switchAndRunFunc)
                  00008ec4    0000001c     MSP_EXP432P401R.obj (.text:MSP_EXP432P401R_initPWM)
                  00008ee0    0000001c     msp432p4xx_driverlib.lib : pcm.o (.text:PCM_enableRudeMode)
                  00008efc    00000004     --HOLE-- [fill = 0]
                  00008f00    0000001c     sysbios.aem4f : BIOS.obj (.text:ti_sysbios_family_arm_m3_Timer_stop__E)
                  00008f1c    00000004     --HOLE-- [fill = 0]
                  00008f20    0000001c                   : BIOS.obj (.text:ti_sysbios_gates_GateMutex_Instance_init__E)
                  00008f3c    0000001c     pwmled_pem4f.oem4f (.text:ti_sysbios_knl_Queue_Object__destruct__S)
                  00008f58    0000001c     sysbios.aem4f : BIOS.obj (.text:ti_sysbios_knl_Queue_put__E)
                  00008f74    00000004     --HOLE-- [fill = 0]
                  00008f78    0000001c                   : BIOS.obj (.text:ti_sysbios_knl_Task_enter__I)
                  00008f94    0000001c     ti.uia.loggers.aem4f : LoggerStopMode.oem4f (.text:ti_uia_loggers_LoggerStopMode_Instance_init__E)
                  00008fb0    0000001c     ti.targets.arm.rtsarm.aem4f : Error.oem4f (.text:xdc_runtime_Error_raiseX__E)
                  00008fcc    0000001c                                 : Memory.oem4f (.text:xdc_runtime_Memory_valloc__E)
                  00008fe8    0000001c                                 : SysMin.oem4f (.text:xdc_runtime_SysMin_exit__E)
                  00009004    0000001c                                 : System.oem4f (.text:xdc_runtime_System_abort__E)
                  00009020    0000001a     pwmled_pem4f.oem4f (.text:ti_sysbios_family_arm_m3_Hwi_Handle__label__S)
                  0000903a    0000001a     pwmled_pem4f.oem4f (.text:ti_sysbios_gates_GateHwi_Handle__label__S)
                  00009054    0000001a     pwmled_pem4f.oem4f (.text:ti_sysbios_gates_GateMutex_Handle__label__S)
                  0000906e    0000001a     pwmled_pem4f.oem4f (.text:ti_sysbios_heaps_HeapMem_Handle__label__S)
                  00009088    0000001a     pwmled_pem4f.oem4f (.text:ti_sysbios_knl_Swi_Handle__label__S)
                  000090a2    0000001a     pwmled_pem4f.oem4f (.text:ti_sysbios_knl_Task_Handle__label__S)
                  000090bc    0000001a     pwmled_pem4f.oem4f (.text:ti_uia_loggers_LoggerStopMode_Handle__label__S)
                  000090d6    0000001a     pwmled_pem4f.oem4f (.text:xdc_runtime_System_aprintf__E)
                  000090f0    0000001a     pwmled_pem4f.oem4f (.text:xdc_runtime_System_printf__E)
                  0000910a    00000002     --HOLE-- [fill = 0]
                  0000910c    00000018     msp432p4xx_driverlib.lib : gpio.o (.text:GPIO_clearInterruptFlag)
                  00009124    00000018                              : gpio.o (.text:GPIO_setDriveStrengthLow)
                  0000913c    00000018                              : gpio.o (.text:GPIO_setOutputLowOnPin)
                  00009154    00000018                              : wdt_a.o (.text:WDT_A_holdTimer)
                  0000916c    00000018     drivers_MSP432P401R.aem4f : PWMTimerMSP432.oem4f (.text:corroborateDuty)
                  00009184    00000018     pwmled.obj (.text:gpioButtonFxn0)
                  0000919c    00000018     pwmled.obj (.text:gpioButtonFxn1)
                  000091b4    00000018     rtsv7M4_T_le_v4SPD16_eabi.lib : args_main.obj (.text)
                  000091cc    00000018     pwmled_pem4f.oem4f (.text:ti_sysbios_BIOS_rtsUnlock__I)
                  000091e4    00000018     pwmled_pem4f.oem4f (.text:ti_sysbios_family_arm_m3_Hwi_Module__startupDone__F)
                  000091fc    00000018     sysbios.aem4f : m3_TaskSupport_asm.obj (.text:ti_sysbios_family_arm_m3_TaskSupport_swap__E)
                  00009214    00000018     pwmled_pem4f.oem4f (.text:ti_sysbios_family_arm_msp432_Timer_Module__startupDone__F)
                  0000922c    00000004     --HOLE-- [fill = 0]
                  00009230    00000018     sysbios.aem4f : BIOS.obj (.text:ti_sysbios_gates_GateMutex_leave__E)
                  00009248    00000018                   : BIOS.obj (.text:ti_sysbios_knl_Task_sleepTimeout__I)
                  00009260    00000018     ti.targets.arm.rtsarm.aem4f : Error.oem4f (.text:xdc_runtime_Error_check__E)
                  00009278    00000018                                 : System.oem4f (.text:xdc_runtime_System_exit__E)
                  00009290    00000018                                 : Text.oem4f (.text:xdc_runtime_Text_ropeText__E)
                  000092a8    00000016     pwmled_pem4f.oem4f (.text:ti_sysbios_BIOS_exitFunc__I)
                  000092be    00000016     pwmled.obj (.text:ti_sysbios_knl_Semaphore_Params_init)
                  000092d4    00000016     pwmled.obj (.text:ti_sysbios_knl_Task_Params_init)
                  000092ea    00000006     drivers_MSP432P401R.aem4f : PWMTimerMSP432.oem4f (.text:PWMTimerMSP432_control)
                  000092f0    00000016     sysbios.aem4f : BIOS.obj (.text:ti_sysbios_knl_Task_unblock__E)
                  00009306    00000016     ti.uia.loggers.aem4f : LoggerStopMode.oem4f (.text:ti_uia_loggers_LoggerStopMode_disable__E)
                  0000931c    00000016                          : LoggerStopMode.oem4f (.text:ti_uia_loggers_LoggerStopMode_enable__E)
                  00009332    00000002     --HOLE-- [fill = 0]
                  00009334    00000014     msp432p4xx_driverlib.lib : gpio.o (.text:GPIO_enableInterrupt)
                  00009348    00000014                              : gpio.o (.text:GPIO_setDriveStrengthHigh)
                  0000935c    00000014                              : gpio.o (.text:GPIO_setOutputHighOnPin)
                  00009370    00000014     drivers_MSP432P401R.aem4f : PWM.oem4f (.text:PWM_Params_init)
                  00009384    00000014                               : PowerMSP432.oem4f (.text:Power_idleFunc)
                  00009398    00000014     msp432p4xx_driverlib.lib : wdt_a.o (.text:WDT_A_startTimer)
                  000093ac    00000014     rtsv7M4_T_le_v4SPD16_eabi.lib : _lock.obj (.text)
                  000093c0    00000014                                   : s_copysign.obj (.text)
                  000093d4    00000014                                   : strcpy.obj (.text)
                  000093e8    00000014                                   : strlen.obj (.text)
                  000093fc    00000014     pwmled_pem4f.oem4f (.text:ti_sysbios_family_arm_m3_Hwi_Object__get__S)
                  00009410    00000014     sysbios.aem4f : BIOS.obj (.text:ti_sysbios_family_arm_m3_Hwi_switchFromBootStack__E)
                  00009424    00000014     pwmled_pem4f.oem4f (.text:ti_sysbios_heaps_HeapMem_Object__get__S)
                  00009438    00000014     pwmled_pem4f.oem4f (.text:ti_sysbios_knl_Swi_Object__get__S)
                  0000944c    00000004     --HOLE-- [fill = 0]
                  00009450    00000012     sysbios.aem4f : BIOS.obj (.text:ti_sysbios_hal_Hwi_Module_startup__E)
                  00009462    00000006     rtsv7M4_T_le_v4SPD16_eabi.lib : copy_decompress_rle.obj (.text:decompress:rle24)
                  00009468    00000012     sysbios.aem4f : BIOS.obj (.text:ti_sysbios_hal_Timer_Module_startup__E)
                  0000947a    00000012     pwmled_pem4f.oem4f (.text:xdc_runtime_Startup_exec__I)
                  0000948c    00000010     msp432p4xx_driverlib.lib : gpio.o (.text:GPIO_getInterruptStatus)
                  0000949c    00000010                              : pcm.o (.text:PCM_gotoLPM4)
                  000094ac    00000004     --HOLE-- [fill = 0]
                  000094b0    00000010     sysbios.aem4f : BIOS.obj (.text:ti_sysbios_BIOS_exit__E)
                  000094c0    00000010                   : BIOS.obj (.text:ti_sysbios_BIOS_getCpuFreq__E)
                  000094d0    00000010                   : BIOS.obj (.text:ti_sysbios_BIOS_setCpuFreq__E)
                  000094e0    00000010                   : BIOS.obj (.text:ti_sysbios_BIOS_setThreadType__E)
                  000094f0    00000010                   : BIOS.obj (.text:ti_sysbios_BIOS_start__E)
                  00009500    00000010                   : m3_TaskSupport_asm.obj (.text:ti_sysbios_family_arm_m3_TaskSupport_glue)
                  00009510    00000010                   : BIOS.obj (.text:ti_sysbios_family_arm_msp432_init_Boot_disableWatchdog)
                  00009520    00000010                   : BIOS.obj (.text:ti_sysbios_gates_GateMutex_Instance_finalize__E)
                  00009530    00000010                   : BIOS.obj (.text:ti_sysbios_knl_Semaphore_Instance_finalize__E)
                  00009540    00000010                   : BIOS.obj (.text:ti_sysbios_knl_Swi_disable__E)
                  00009550    00000010     pwmled_pem4f.oem4f (.text:ti_sysbios_knl_Task_Object__get__S)
                  00009560    00000010     sysbios.aem4f : BIOS.obj (.text:ti_sysbios_knl_Task_disable__E)
                  00009570    00000010     pwmled_pem4f.oem4f (.text:ti_uia_loggers_LoggerStopMode_Object__get__S)
                  00009580    00000010     ti.uia.loggers.aem4f : LoggerStopMode.oem4f (.text:ti_uia_loggers_LoggerStopMode_isEmpty__E)
                  00009590    00000010     ti.targets.arm.rtsarm.aem4f : Gate.oem4f (.text:xdc_runtime_Gate_leaveSystem__E)
                  000095a0    00000010                                 : Memory.oem4f (.text:xdc_runtime_Memory_free__E)
                  000095b0    00000010                                 : SysMin.oem4f (.text:xdc_runtime_SysMin_ready__E)
                  000095c0    00000010                                 : System.oem4f (.text:xdc_runtime_System_vsnprintf__E)
                  000095d0    00000010     pwmled_pem4f.oem4f (.text:xdc_runtime_Text_visitRope__I)
                  000095e0    0000000e     tirtosport.aem4f : HwiP_tirtos.oem4f (.text:HwiP_Params_init)
                  000095ee    0000000e     msp432p4xx_driverlib.lib : timer_a.o (.text:Timer_A_setCompareValue)
                  000095fc    0000000e     rtsv7M4_T_le_v4SPD16_eabi.lib : copy_decompress_none.obj (.text:decompress:none)
                  0000960a    00000006     ti.targets.arm.rtsarm.aem4f : System.oem4f (.text:xdc_runtime_System_Module_startup__E)
                  00009610    0000000e     sysbios.aem4f : BIOS.obj (.text:ti_sysbios_knl_Clock_removeI__E)
                  0000961e    00000002     --HOLE-- [fill = 0]
                  00009620    0000000e                   : BIOS.obj (.text:ti_sysbios_knl_Idle_loop__E)
                  0000962e    00000002     --HOLE-- [fill = 0]
                  00009630    0000000e                   : BIOS.obj (.text:ti_sysbios_knl_Queue_empty__E)
                  0000963e    0000000c     pwmled_pem4f.oem4f (.text:.bootCodeSection:ti_sysbios_family_arm_msp432_init_Boot_init__I)
                  0000964a    0000000c     msp432p4xx_driverlib.lib : cpu.o (.text:CPU_cpsid)
                  00009656    0000000c                              : cpu.o (.text:CPU_cpsie)
                  00009662    00000002     --HOLE-- [fill = 0]
                  00009664    0000000c                              : pcm.o (.text:PCM_getPowerState)
                  00009670    0000000c     drivers_MSP432P401R.aem4f : PowerMSP432.oem4f (.text:Power_getConstraintMask)
                  0000967c    0000000c                               : PowerMSP432.oem4f (.text:Power_getPerformanceLevel)
                  00009688    0000000c     msp432p4xx_driverlib.lib : timer_a.o (.text:Timer_A_stopTimer)
                  00009694    0000000c     pwmled_pem4f.oem4f (.text:ti_sysbios_family_arm_m3_Hwi_Params__init__S)
                  000096a0    0000000c     sysbios.aem4f : BIOS.obj (.text:ti_sysbios_family_arm_m3_Hwi_disableFxn__E)
                  000096ac    00000004     --HOLE-- [fill = 0]
                  000096b0    0000000c                   : BIOS.obj (.text:ti_sysbios_family_arm_m3_TaskSupport_checkStack__E)
                  000096bc    00000004     --HOLE-- [fill = 0]
                  000096c0    0000000c                   : BIOS.obj (.text:ti_sysbios_family_arm_m3_TaskSupport_getStackAlignment__E)
                  000096cc    00000004     --HOLE-- [fill = 0]
                  000096d0    0000000c                   : BIOS.obj (.text:ti_sysbios_family_arm_m3_TimestampProvider_startTimer__E)
                  000096dc    00000004     --HOLE-- [fill = 0]
                  000096e0    0000000c                   : BIOS.obj (.text:ti_sysbios_family_arm_msp432_Timer_getMaxTicks__E)
                  000096ec    00000004     --HOLE-- [fill = 0]
                  000096f0    0000000c                   : BIOS.obj (.text:ti_sysbios_gates_GateHwi_enter__E)
                  000096fc    0000000c     pwmled_pem4f.oem4f (.text:ti_sysbios_knl_Queue_Object__get__S)
                  00009708    0000000c     pwmled_pem4f.oem4f (.text:ti_sysbios_knl_Semaphore_Params__init__S)
                  00009714    0000000c     pwmled.obj (.text:ti_sysbios_knl_Semaphore_handle)
                  00009720    0000000c     pwmled_pem4f.oem4f (.text:ti_sysbios_knl_Task_Params__init__S)
                  0000972c    0000000c     pwmled.obj (.text:ti_sysbios_knl_Task_handle)
                  00009738    0000000c     ti.targets.arm.rtsarm.aem4f : Error.oem4f (.text:xdc_runtime_Error_init__E)
                  00009744    0000000c                                 : Gate.oem4f (.text:xdc_runtime_Gate_enterSystem__E)
                  00009750    0000000c                                 : Memory.oem4f (.text:xdc_runtime_Memory_calloc__E)
                  0000975c    0000000c                                 : Memory.oem4f (.text:xdc_runtime_Memory_getMaxDefaultTypeAlign__E)
                  00009768    0000000c                                 : Startup.oem4f (.text:xdc_runtime_Startup_rtsDone__E)
                  00009774    0000000a     drivers_MSP432P401R.aem4f : PWM.oem4f (.text:PWM_setDuty)
                  0000977e    0000000a                               : PWM.oem4f (.text:PWM_start)
                  00009788    0000000a     pwmled_pem4f.oem4f (.text:xdc_runtime_IHeap_alloc)
                  00009792    0000000a     pwmled_pem4f.oem4f (.text:xdc_runtime_IHeap_free)
                  0000979c    00000008     MSP_EXP432P401R.obj (.text:MSP_EXP432P401R_initGPIO)
                  000097a4    00000008     MSP_EXP432P401R.obj (.text:MSP_EXP432P401R_initGeneral)
                  000097ac    00000008     msp432p4xx_driverlib.lib : pcm.o (.text:PCM_setPowerMode)
                  000097b4    00000008                              : pcm.o (.text:PCM_setPowerState)
                  000097bc    00000008     drivers_MSP432P401R.aem4f : PWMTimerMSP432.oem4f (.text:PWMTimerMSP432_init)
                  000097c4    00000008     msp432p4xx_driverlib.lib : timer_a.o (.text:Timer_A_startCounter)
                  000097cc    00000004     --HOLE-- [fill = 0]
                  000097d0    00000008     sysbios.aem4f : BIOS.obj (.text:ti_sysbios_family_arm_m3_Hwi_doSwiRestore__I)
                  000097d8    00000008                   : BIOS.obj (.text:ti_sysbios_family_arm_m3_Hwi_startup__E)
                  000097e0    00000006                   : BIOS.obj (.text:ti_sysbios_family_arm_m3_Hwi_doTaskRestore__I)
                  000097e6    00000002     --HOLE-- [fill = 0]
                  000097e8    00000006                   : BIOS.obj (.text:ti_sysbios_family_arm_m3_Hwi_restoreFxn__E)
                  000097ee    00000002     --HOLE-- [fill = 0]
                  000097f0    00000006                   : BIOS.obj (.text:ti_sysbios_gates_GateHwi_leave__E)
                  000097f6    00000002     --HOLE-- [fill = 0]
                  000097f8    00000006                   : BIOS.obj (.text:ti_sysbios_heaps_HeapMem_isBlocking__E)
                  000097fe    00000002     --HOLE-- [fill = 0]
                  00009800    00000006                   : BIOS.obj (.text:ti_sysbios_knl_Queue_Instance_init__E)
                  00009806    00000002     --HOLE-- [fill = 0]
                  00009808    00000006                   : BIOS.obj (.text:ti_sysbios_knl_Swi_startup__E)
                  0000980e    00000002     --HOLE-- [fill = 0]
                  00009810    00000004                   : BIOS.obj (.text:ti_sysbios_gates_GateHwi_query__E)
                  00009814    00000004     --HOLE-- [fill = 0]
                  00009818    00000004                   : BIOS.obj (.text:ti_sysbios_gates_GateMutex_query__E)
                  0000981c    00000004     --HOLE-- [fill = 0]
                  00009820    00000004                   : BIOS.obj (.text:ti_sysbios_knl_Task_startup__E)
                  00009824    00000004     --HOLE-- [fill = 0]
                  00009828    00000002                   : BIOS.obj (.text:ti_sysbios_BIOS_linkedWithIncorrectBootLibrary__E)
                  0000982a    00000006     --HOLE-- [fill = 0]
                  00009830    00000002                   : BIOS.obj (.text:ti_sysbios_family_arm_m3_TimestampProvider_rolloverFunc__E)
                  00009832    00000006     --HOLE-- [fill = 0]
                  00009838    00000002                   : BIOS.obj (.text:ti_sysbios_gates_GateHwi_Instance_init__E)
                  0000983a    00000006     --HOLE-- [fill = 0]
                  00009840    00000002                   : BIOS.obj (.text:ti_sysbios_knl_Clock_logTick__E)

.const     0    00009848    0000281c     
                  00009848    00001f4f     pwmled_pem4f.oem4f (.const:xdc_runtime_Text_charTab__A)
                  0000b797    00000001     pwmled_pem4f.oem4f (.const:xdc_runtime_Error_policy__C)
                  0000b798    00000158     rtsv7M4_T_le_v4SPD16_eabi.lib : k_rem_pio2.obj (.const:$O1$$)
                  0000b8f0    000000fc     pwmled_pem4f.oem4f (.const:xdc_runtime_Text_nodeTab__A)
                  0000b9ec    00000004     pwmled_pem4f.oem4f (.const:ti_sysbios_family_arm_m3_Hwi_E_NMI__C)
                  0000b9f0    00000098     rtsv7M4_T_le_v4SPD16_eabi.lib : s_atan.obj (.const:$O1$$)
                  0000ba88    00000060     pwmled_pem4f.oem4f (.const:ti_uia_loggers_LoggerStopMode_Module__FXNS__C)
                  0000bae8    00000048     pwmled_pem4f.oem4f (.const:.string)
                  0000bb30    0000003c     pwmled_pem4f.oem4f (.const:ti_sysbios_knl_Task_Object__PARAMS__C)
                  0000bb6c    00000030     pwmled_pem4f.oem4f (.const:ti_sysbios_family_arm_m3_Hwi_Object__PARAMS__C)
                  0000bb9c    00000030     pwmled_pem4f.oem4f (.const:xdc_runtime_Startup_sfxnTab__A)
                  0000bbcc    00000028     drivers_MSP432P401R.aem4f : PWMTimerMSP432.oem4f (.const)
                  0000bbf4    00000028     pwmled_pem4f.oem4f (.const:ti_sysbios_heaps_HeapMem_Module__FXNS__C)
                  0000bc1c    00000028     pwmled_pem4f.oem4f (.const:ti_uia_loggers_LoggerStopMode_Object__PARAMS__C)
                  0000bc44    00000024     MSP_EXP432P401R.obj (.const:PWM_config)
                  0000bc68    00000024     pwmled_pem4f.oem4f (.const:ti_sysbios_gates_GateHwi_Module__FXNS__C)
                  0000bc8c    00000024     pwmled_pem4f.oem4f (.const:ti_sysbios_gates_GateMutex_Module__FXNS__C)
                  0000bcb0    00000024     pwmled_pem4f.oem4f (.const:ti_sysbios_heaps_HeapMem_Object__PARAMS__C)
                  0000bcd4    00000024     pwmled_pem4f.oem4f (.const:ti_sysbios_knl_Semaphore_Object__PARAMS__C)
                  0000bcf8    00000020     pwmled_pem4f.oem4f (.const:ti_sysbios_family_arm_m3_Hwi_Object__DESC__C)
                  0000bd18    00000020     pwmled_pem4f.oem4f (.const:ti_sysbios_gates_GateHwi_Object__DESC__C)
                  0000bd38    00000020     pwmled_pem4f.oem4f (.const:ti_sysbios_gates_GateMutex_Object__DESC__C)
                  0000bd58    00000020     pwmled_pem4f.oem4f (.const:ti_sysbios_heaps_HeapMem_Object__DESC__C)
                  0000bd78    00000020     pwmled_pem4f.oem4f (.const:ti_sysbios_knl_Queue_Object__DESC__C)
                  0000bd98    00000020     pwmled_pem4f.oem4f (.const:ti_sysbios_knl_Semaphore_Object__DESC__C)
                  0000bdb8    00000020     pwmled_pem4f.oem4f (.const:ti_sysbios_knl_Task_Object__DESC__C)
                  0000bdd8    00000020     pwmled_pem4f.oem4f (.const:ti_uia_loggers_LoggerStopMode_Object__DESC__C)
                  0000bdf8    00000018     drivers_MSP432P401R.aem4f : PWM.oem4f (.const)
                  0000be10    00000018     MSP_EXP432P401R.obj (.const:pwmTimerMSP432HWAttrs)
                  0000be28    00000018     pwmled_pem4f.oem4f (.const:ti_sysbios_gates_GateHwi_Object__PARAMS__C)
                  0000be40    00000018     pwmled_pem4f.oem4f (.const:ti_sysbios_gates_GateMutex_Object__PARAMS__C)
                  0000be58    00000018     pwmled_pem4f.oem4f (.const:ti_sysbios_knl_Queue_Object__PARAMS__C)
                  0000be70    00000018     pwmled_pem4f.oem4f (.const:xdc_runtime_Startup_sfxnRts__A)
                  0000be88    00000014     MSP_EXP432P401R.obj (.const:GPIOMSP432_config)
                  0000be9c    00000010     MSP_EXP432P401R.obj (.const:PowerMSP432_config)
                  0000beac    0000000c     drivers_MSP432P401R.aem4f : GPIOMSP432.oem4f (.const:.string)
                  0000beb8    0000000c     pwmled_pem4f.oem4f (.const:ti_sysbios_knl_Idle_funcList__A)
                  0000bec4    0000000c     pwmled_pem4f.oem4f (.const:xdc_runtime_Startup_firstFxns__A)
                  0000bed0    00000008     pwmled_pem4f.oem4f (.const:ti_sysbios_family_arm_m3_Hwi_excHookFuncs__A)
                  0000bed8    00000008     pwmled_pem4f.oem4f (.const:ti_sysbios_knl_Idle_funcList__C)
                  0000bee0    00000008     pwmled_pem4f.oem4f (.const:xdc_runtime_Startup_firstFxns__C)
                  0000bee8    00000008     pwmled_pem4f.oem4f (.const:xdc_runtime_Startup_lastFxns__C)
                  0000bef0    00000004     pwmled_pem4f.oem4f (.const:ti_sysbios_family_arm_m3_Hwi_E_alreadyDefined__C)
                  0000bef4    00000004     pwmled_pem4f.oem4f (.const:ti_sysbios_family_arm_m3_Hwi_E_busFault__C)
                  0000bef8    00000004     pwmled_pem4f.oem4f (.const:ti_sysbios_family_arm_m3_Hwi_E_debugMon__C)
                  0000befc    00000004     pwmled_pem4f.oem4f (.const:ti_sysbios_family_arm_m3_Hwi_E_hardFault__C)
                  0000bf00    00000004     pwmled_pem4f.oem4f (.const:ti_sysbios_family_arm_m3_Hwi_E_memFault__C)
                  0000bf04    00000004     pwmled_pem4f.oem4f (.const:ti_sysbios_family_arm_m3_Hwi_E_noIsr__C)
                  0000bf08    00000004     pwmled_pem4f.oem4f (.const:ti_sysbios_family_arm_m3_Hwi_E_reserved__C)
                  0000bf0c    00000004     pwmled_pem4f.oem4f (.const:ti_sysbios_family_arm_m3_Hwi_E_svCall__C)
                  0000bf10    00000004     pwmled_pem4f.oem4f (.const:ti_sysbios_family_arm_m3_Hwi_E_usageFault__C)
                  0000bf14    00000004     pwmled_pem4f.oem4f (.const:ti_sysbios_family_arm_m3_Hwi_NUM_INTERRUPTS__C)
                  0000bf18    00000004     pwmled_pem4f.oem4f (.const:ti_sysbios_family_arm_m3_Hwi_Object__count__C)
                  0000bf1c    00000004     pwmled_pem4f.oem4f (.const:ti_sysbios_family_arm_m3_Hwi_ccr__C)
                  0000bf20    00000004     pwmled_pem4f.oem4f (.const:ti_sysbios_family_arm_m3_Hwi_excHandlerFunc__C)
                  0000bf24    00000004     pwmled_pem4f.oem4f (.const:ti_sysbios_family_arm_m3_Hwi_excHookFuncs__C)
                  0000bf28    00000004     pwmled_pem4f.oem4f (.const:ti_sysbios_family_arm_m3_Hwi_nullIsrFunc__C)
                  0000bf2c    00000004     pwmled_pem4f.oem4f (.const:ti_sysbios_family_arm_m3_Hwi_priGroup__C)
                  0000bf30    00000004     pwmled_pem4f.oem4f (.const:ti_sysbios_family_arm_m3_TaskSupport_stackAlignment__C)
                  0000bf34    00000004     pwmled_pem4f.oem4f (.const:ti_sysbios_family_arm_m3_Timer_E_cannotSupport__C)
                  0000bf38    00000004     pwmled_pem4f.oem4f (.const:ti_sysbios_family_arm_m3_Timer_startupNeeded__C)
                  0000bf3c    00000004     pwmled_pem4f.oem4f (.const:ti_sysbios_family_arm_msp432_Timer_numTimerDevices__C)
                  0000bf40    00000004     pwmled_pem4f.oem4f (.const:ti_sysbios_family_arm_msp432_Timer_startupNeeded__C)
                  0000bf44    00000004     pwmled_pem4f.oem4f (.const:ti_sysbios_gates_GateMutex_Instance_State_sem__O)
                  0000bf48    00000004     pwmled_pem4f.oem4f (.const:ti_sysbios_hal_Hwi_E_stackOverflow__C)
                  0000bf4c    00000004     pwmled_pem4f.oem4f (.const:ti_sysbios_heaps_HeapMem_E_memory__C)
                  0000bf50    00000004     pwmled_pem4f.oem4f (.const:ti_sysbios_heaps_HeapMem_Module__gateObj__C)
                  0000bf54    00000004     pwmled_pem4f.oem4f (.const:ti_sysbios_heaps_HeapMem_Object__count__C)
                  0000bf58    00000004     pwmled_pem4f.oem4f (.const:ti_sysbios_heaps_HeapMem_reqAlign__C)
                  0000bf5c    00000004     pwmled_pem4f.oem4f (.const:ti_sysbios_knl_Clock_Module_State_clockQ__O)
                  0000bf60    00000004     pwmled_pem4f.oem4f (.const:ti_sysbios_knl_Semaphore_Instance_State_pendQ__O)
                  0000bf64    00000004     pwmled_pem4f.oem4f (.const:ti_sysbios_knl_Swi_Object__count__C)
                  0000bf68    00000004     pwmled_pem4f.oem4f (.const:ti_sysbios_knl_Task_E_spOutOfBounds__C)
                  0000bf6c    00000004     pwmled_pem4f.oem4f (.const:ti_sysbios_knl_Task_E_stackOverflow__C)
                  0000bf70    00000004     pwmled_pem4f.oem4f (.const:ti_sysbios_knl_Task_Module_State_inactiveQ__O)
                  0000bf74    00000004     pwmled_pem4f.oem4f (.const:ti_sysbios_knl_Task_Object__count__C)
                  0000bf78    00000004     pwmled_pem4f.oem4f (.const:ti_sysbios_knl_Task_allBlockedFunc__C)
                  0000bf7c    00000004     pwmled_pem4f.oem4f (.const:ti_sysbios_knl_Task_defaultStackHeap__C)
                  0000bf80    00000004     pwmled_pem4f.oem4f (.const:ti_sysbios_knl_Task_defaultStackSize__C)
                  0000bf84    00000004     pwmled_pem4f.oem4f (.const:ti_sysbios_knl_Task_numConstructedTasks__C)
                  0000bf88    00000004     pwmled_pem4f.oem4f (.const:ti_sysbios_utils_Load_postUpdate__C)
                  0000bf8c    00000004     pwmled_pem4f.oem4f (.const:ti_sysbios_utils_Load_windowInMs__C)
                  0000bf90    00000004     pwmled_pem4f.oem4f (.const:ti_uia_loggers_LoggerStopMode_Module__diagsEnabled__C)
                  0000bf94    00000004     pwmled_pem4f.oem4f (.const:ti_uia_loggers_LoggerStopMode_Module__diagsIncluded__C)
                  0000bf98    00000004     pwmled_pem4f.oem4f (.const:ti_uia_loggers_LoggerStopMode_Module__diagsMask__C)
                  0000bf9c    00000004     pwmled_pem4f.oem4f (.const:ti_uia_loggers_LoggerStopMode_Object__count__C)
                  0000bfa0    00000004     pwmled_pem4f.oem4f (.const:ti_uia_runtime_ILoggerSnapshot_Interface__BASE__C)
                  0000bfa4    00000004     pwmled_pem4f.oem4f (.const:ti_uia_runtime_IUIATransfer_Interface__BASE__C)
                  0000bfa8    00000004     pwmled_pem4f.oem4f (.const:xdc_runtime_Assert_E_assertFailed__C)
                  0000bfac    00000004     pwmled_pem4f.oem4f (.const:xdc_runtime_Core_A_initializedParams__C)
                  0000bfb0    00000004     pwmled_pem4f.oem4f (.const:xdc_runtime_Core_Module__diagsEnabled__C)
                  0000bfb4    00000004     pwmled_pem4f.oem4f (.const:xdc_runtime_Core_Module__diagsIncluded__C)
                  0000bfb8    00000004     pwmled_pem4f.oem4f (.const:xdc_runtime_Core_Module__diagsMask__C)
                  0000bfbc    00000004     pwmled_pem4f.oem4f (.const:xdc_runtime_Error_E_memory__C)
                  0000bfc0    00000004     pwmled_pem4f.oem4f (.const:xdc_runtime_Error_Module__diagsEnabled__C)
                  0000bfc4    00000004     pwmled_pem4f.oem4f (.const:xdc_runtime_Error_Module__diagsIncluded__C)
                  0000bfc8    00000004     pwmled_pem4f.oem4f (.const:xdc_runtime_Error_Module__diagsMask__C)
                  0000bfcc    00000004     pwmled_pem4f.oem4f (.const:xdc_runtime_Error_Module__loggerFxn8__C)
                  0000bfd0    00000004     pwmled_pem4f.oem4f (.const:xdc_runtime_Error_Module__loggerObj__C)
                  0000bfd4    00000004     pwmled_pem4f.oem4f (.const:xdc_runtime_Error_policyFxn__C)
                  0000bfd8    00000004     pwmled_pem4f.oem4f (.const:xdc_runtime_Error_raiseHook__C)
                  0000bfdc    00000004     pwmled_pem4f.oem4f (.const:xdc_runtime_IFilterLogger_Interface__BASE__C)
                  0000bfe0    00000004     pwmled_pem4f.oem4f (.const:xdc_runtime_IGateProvider_Interface__BASE__C)
                  0000bfe4    00000004     pwmled_pem4f.oem4f (.const:xdc_runtime_IHeap_Interface__BASE__C)
                  0000bfe8    00000004     pwmled_pem4f.oem4f (.const:xdc_runtime_ILogger_Interface__BASE__C)
                  0000bfec    00000004     pwmled_pem4f.oem4f (.const:xdc_runtime_IModule_Interface__BASE__C)
                  0000bff0    00000004     pwmled_pem4f.oem4f (.const:xdc_runtime_Log_L_error__C)
                  0000bff4    00000004     pwmled_pem4f.oem4f (.const:xdc_runtime_Memory_defaultHeapInstance__C)
                  0000bff8    00000004     pwmled_pem4f.oem4f (.const:xdc_runtime_Startup_execImpl__C)
                  0000bffc    00000004     pwmled_pem4f.oem4f (.const:xdc_runtime_Startup_lastFxns__A)
                  0000c000    00000004     pwmled_pem4f.oem4f (.const:xdc_runtime_Startup_maxPasses__C)
                  0000c004    00000004     pwmled_pem4f.oem4f (.const:xdc_runtime_Startup_sfxnRts__C)
                  0000c008    00000004     pwmled_pem4f.oem4f (.const:xdc_runtime_Startup_sfxnTab__C)
                  0000c00c    00000004     pwmled_pem4f.oem4f (.const:xdc_runtime_SysMin_bufSize__C)
                  0000c010    00000004     pwmled_pem4f.oem4f (.const:xdc_runtime_SysMin_outputFunc__C)
                  0000c014    00000004     pwmled_pem4f.oem4f (.const:xdc_runtime_System_Module__gateObj__C)
                  0000c018    00000004     pwmled_pem4f.oem4f (.const:xdc_runtime_System_abortFxn__C)
                  0000c01c    00000004     pwmled_pem4f.oem4f (.const:xdc_runtime_System_exitFxn__C)
                  0000c020    00000004     pwmled_pem4f.oem4f (.const:xdc_runtime_System_extendFxn__C)
                  0000c024    00000004     pwmled_pem4f.oem4f (.const:xdc_runtime_System_maxAtexitHandlers__C)
                  0000c028    00000004     pwmled_pem4f.oem4f (.const:xdc_runtime_Text_charTab__C)
                  0000c02c    00000004     pwmled_pem4f.oem4f (.const:xdc_runtime_Text_nameEmpty__C)
                  0000c030    00000004     pwmled_pem4f.oem4f (.const:xdc_runtime_Text_nameStatic__C)
                  0000c034    00000004     pwmled_pem4f.oem4f (.const:xdc_runtime_Text_nameUnknown__C)
                  0000c038    00000004     pwmled_pem4f.oem4f (.const:xdc_runtime_Text_nodeTab__C)
                  0000c03c    00000004     pwmled_pem4f.oem4f (.const:xdc_runtime_Text_visitRopeFxn__C)
                  0000c040    00000002     pwmled_pem4f.oem4f (.const:ti_sysbios_family_arm_m3_Hwi_Module__id__C)
                  0000c042    00000002     pwmled_pem4f.oem4f (.const:ti_sysbios_family_arm_m3_Timer_Module__id__C)
                  0000c044    00000002     pwmled_pem4f.oem4f (.const:ti_sysbios_family_arm_m3_TimestampProvider_configTimer__C)
                  0000c046    00000002     pwmled_pem4f.oem4f (.const:ti_sysbios_hal_Hwi_Module__id__C)
                  0000c048    00000002     pwmled_pem4f.oem4f (.const:ti_sysbios_heaps_HeapMem_Module__id__C)
                  0000c04a    00000002     pwmled_pem4f.oem4f (.const:ti_sysbios_knl_Task_Module__id__C)
                  0000c04c    00000002     pwmled_pem4f.oem4f (.const:ti_sysbios_utils_Load_updateInIdle__C)
                  0000c04e    00000002     pwmled_pem4f.oem4f (.const:ti_uia_loggers_LoggerStopMode_Module__id__C)
                  0000c050    00000002     pwmled_pem4f.oem4f (.const:ti_uia_loggers_LoggerStopMode_isTimestampEnabled__C)
                  0000c052    00000002     pwmled_pem4f.oem4f (.const:xdc_runtime_Core_Module__id__C)
                  0000c054    00000002     pwmled_pem4f.oem4f (.const:xdc_runtime_Error_Module__loggerDefined__C)
                  0000c056    00000002     pwmled_pem4f.oem4f (.const:xdc_runtime_Error_maxDepth__C)
                  0000c058    00000002     pwmled_pem4f.oem4f (.const:xdc_runtime_Memory_Module__id__C)
                  0000c05a    00000002     pwmled_pem4f.oem4f (.const:xdc_runtime_SysMin_flushAtExit__C)
                  0000c05c    00000002     pwmled_pem4f.oem4f (.const:xdc_runtime_Text_charCnt__C)
                  0000c05e    00000002     pwmled_pem4f.oem4f (.const:xdc_runtime_Text_isLoaded__C)
                  0000c060    00000002     pwmled_pem4f.oem4f (.const:xdc_runtime_Text_registryModsLastId__C)
                  0000c062    00000002     pwmled_pem4f.oem4f (.const:xdc_runtime_Text_unnamedModsLastId__C)

.cinit     0    0000c068    000004a4     
                  0000c068    00000464     (.cinit..data.load) [load image, compression = rle]
                  0000c4cc    00000004     --HOLE-- [fill = 0]
                  0000c4d0    0000000b     (.cinit..bss.load) [load image, compression = rle]
                  0000c4db    00000005     --HOLE-- [fill = 0]
                  0000c4e0    0000000b     (.cinit..vecs.load) [load image, compression = rle]
                  0000c4eb    00000001     --HOLE-- [fill = 0]
                  0000c4ec    00000008     (__TI_handler_table)
                  0000c4f4    00000018     (__TI_cinit_table)

.resetVecs 
*          0    00000000    0000003c     
                  00000000    0000003c     pwmled_pem4f.oem4f (.resetVecs)

.bss       0    20000180    00001bb0     UNINITIALIZED
                  20000180    00000400     (.common:ti_sysbios_heaps_HeapMem_Instance_State_0_buf__A)
                  20000580    00000400     (.common:ti_uia_loggers_LoggerStopMode_Instance_State_1_packetArray__A)
                  20000980    00000400     (.common:ti_uia_loggers_LoggerStopMode_Instance_State_2_packetArray__A)
                  20000d80    00000200     pwmled_pem4f.oem4f (.bss:taskStackSection)
                  20000f80    00000200     (.common:taskControlStack)
                  20001180    00000200     (.common:taskPathStack)
                  20001380    00000200     (.common:taskSensorStack)
                  20001580    00000200     (.common:ti_uia_loggers_LoggerStopMode_Instance_State_0_packetArray__A)
                  20001780    00000140     (.common:ti_sysbios_family_arm_m3_Hwi_dispatchTable)
                  200018c0    00000120     rtsv7M4_T_le_v4SPD16_eabi.lib : trgmsg.obj (.bss:_CIOBUF_)
                  200019e0    00000080     (.common:xdc_runtime_SysMin_Module_State_0_outbuf__A)
                  20001a60    00000050     (.common:task2Struct)
                  20001ab0    00000050     (.common:taskControlStruct)
                  20001b00    00000050     (.common:taskPathStruct)
                  20001b50    00000050     (.common:taskSensorStruct)
                  20001ba0    00000030     drivers_MSP432P401R.aem4f : GPIOMSP432.oem4f (.bss:gpioCallbackInfo)
                  20001bd0    0000001c     (.common:semControlStruct)
                  20001bec    00000008     rtsv7M4_T_le_v4SPD16_eabi.lib : trgdrv.obj (.bss:parmbuf)
                  20001bf4    00000004     (.common:DegPos)
                  20001bf8    00000004     (.common:RadPos)
                  20001bfc    00000004     (.common:Xpos)
                  20001c00    00000030     (.common:ti_uia_loggers_LoggerStopMode_Instance_State_0_hdr__A)
                  20001c30    0000001c     (.common:semPathStruct)
                  20001c4c    0000001c     (.common:semSensorStruct)
                  20001c68    00000018     (.common:pwmTimerMSP432Objects)
                  20001c80    00000030     (.common:ti_uia_loggers_LoggerStopMode_Instance_State_1_hdr__A)
                  20001cb0    00000004     (.common:Ypos)
                  20001cb4    00000004     (.common:benchmarkHandle)
                  20001cb8    00000004     (.common:semaControl)
                  20001cbc    00000004     (.common:semaPath)
                  20001cc0    00000004     (.common:semaSensor)
                  20001cc4    00000004     (.common:taskControl)
                  20001cc8    00000004     (.common:taskPath)
                  20001ccc    00000004     (.common:taskSensor)
                  20001cd0    00000004     (.common:turnRate_des)
                  20001cd4    00000004     (.common:vehicleVelocity)
                  20001cd8    00000004     (.common:vel_des)
                  20001cdc    00000004     (.common:wheelVelocityL)
                  20001ce0    00000004     (.common:wheelVelocityR)
                  20001ce4    0000001c     --HOLE--
                  20001d00    00000030     (.common:ti_uia_loggers_LoggerStopMode_Instance_State_2_hdr__A)

.data      0    20001d30    00000751     UNINITIALIZED
                  20001d30    0000009c     drivers_MSP432P401R.aem4f : PowerMSP432.oem4f (.data:PowerMSP432_perfLevels)
                  20001dcc    0000009c     pwmled_pem4f.oem4f (.data:ti_uia_loggers_LoggerStopMode_Object__table__V)
                  20001e68    00000098     pwmled_pem4f.oem4f (.data:ti_sysbios_utils_Load_Module__state__V)
                  20001f00    00000080     drivers_MSP432P401R.aem4f : PWMTimerMSP432.oem4f (.data:pwmTimerStatus)
                  20001f80    00000080     pwmled_pem4f.oem4f (.data:ti_sysbios_knl_Swi_Module_State_0_readyQ__A)
                  20002000    00000080     pwmled_pem4f.oem4f (.data:ti_sysbios_knl_Task_Module_State_0_readyQ__A)
                  20002080    0000004c     pwmled_pem4f.oem4f (.data:ti_sysbios_family_arm_msp432_Timer_Object__table__V)
                  200020cc    0000004c     pwmled_pem4f.oem4f (.data:ti_sysbios_knl_Task_Object__table__V)
                  20002118    00000044     pwmled_pem4f.oem4f (.data:ti_sysbios_knl_Task_Module__state__V)
                  2000215c    00000038     pwmled_pem4f.oem4f (.data:ti_sysbios_gates_GateMutex_Object__table__V)
                  20002194    00000034     pwmled_pem4f.oem4f (.data:ti_sysbios_family_arm_m3_Hwi_Module__state__V)
                  200021c8    00000030     msp432p4xx_driverlib.lib : gpio.o (.data:GPIO_PORT_TO_BASE)
                  200021f8    00000030     pwmled_pem4f.oem4f (.data:ti_sysbios_family_arm_m3_Hwi_Object__table__V)
                  20002228    00000030     pwmled_pem4f.oem4f (.data:ti_sysbios_family_arm_m3_Timer_Object__table__V)
                  20002258    00000030     pwmled_pem4f.oem4f (.data:ti_sysbios_knl_Swi_Object__table__V)
                  20002288    0000002c     pwmled_pem4f.oem4f (.data:ti_sysbios_knl_Clock_Module__state__V)
                  200022b4    00000028     drivers_MSP432P401R.aem4f : PowerMSP432.oem4f (.data:PowerMSP432_module)
                  200022dc    00000024     pwmled_pem4f.oem4f (.data:ti_sysbios_BIOS_Module__state__V)
                  20002300    00000020     pwmled_pem4f.oem4f (.data:ti_sysbios_family_arm_msp432_Timer_Module_State_0_device__A)
                  20002320    0000001c     pwmled_pem4f.oem4f (.data:ti_sysbios_knl_Swi_Module__state__V)
                  2000233c    00000018     pwmled.obj (.data)
                  20002354    00000018     pwmled_pem4f.oem4f (.data:ti_sysbios_heaps_HeapMem_Object__table__V)
                  2000236c    00000010     MSP_EXP432P401R.obj (.data:gpioPinConfigs)
                  2000237c    00000010     pwmled_pem4f.oem4f (.data:ti_sysbios_family_arm_msp432_Timer_Module_State_0_handles__A)
                  2000238c    0000000c     rtsv7M4_T_le_v4SPD16_eabi.lib : exit.obj (.data:$O1$$)
                  20002398    0000000c     pwmled_pem4f.oem4f (.data:ti_sysbios_family_arm_m3_Timer_Module__state__V)
                  200023a4    0000000c     pwmled_pem4f.oem4f (.data:ti_sysbios_family_arm_msp432_ClockFreqs_Module__state__V)
                  200023b0    0000000c     pwmled_pem4f.oem4f (.data:ti_sysbios_family_arm_msp432_Timer_Module__state__V)
                  200023bc    0000000c     pwmled_pem4f.oem4f (.data:ti_sysbios_knl_Task_Module__root__V)
                  200023c8    0000000c     pwmled_pem4f.oem4f (.data:ti_uia_runtime_QueueDescriptor_Module__state__V)
                  200023d4    0000000c     pwmled_pem4f.oem4f (.data:xdc_runtime_SysMin_Module__state__V)
                  200023e0    00000008     rtsv7M4_T_le_v4SPD16_eabi.lib : _lock.obj (.data:$O1$$)
                  200023e8    00000008     MSP_EXP432P401R.obj (.data:gpioCallbackFunctions)
                  200023f0    00000008     ti.uia.runtime.aem4f : QueueDescriptor.oem4f (.data)
                  200023f8    00000008     pwmled_pem4f.oem4f (.data:ti_sysbios_family_arm_m3_Hwi_Module__root__V)
                  20002400    00000008     pwmled_pem4f.oem4f (.data:ti_sysbios_gates_GateHwi_Module__root__V)
                  20002408    00000008     pwmled_pem4f.oem4f (.data:ti_sysbios_gates_GateMutex_Module__root__V)
                  20002410    00000008     pwmled_pem4f.oem4f (.data:ti_sysbios_heaps_HeapMem_Module__root__V)
                  20002418    00000008     pwmled_pem4f.oem4f (.data:ti_sysbios_knl_Queue_Module__root__V)
                  20002420    00000008     pwmled_pem4f.oem4f (.data:ti_sysbios_knl_Semaphore_Module__root__V)
                  20002428    00000008     pwmled_pem4f.oem4f (.data:ti_uia_loggers_LoggerStopMode_Module__root__V)
                  20002430    00000008     pwmled_pem4f.oem4f (.data:xdc_runtime_Registry_Module__state__V)
                  20002438    00000008     pwmled_pem4f.oem4f (.data:xdc_runtime_Startup_Module__state__V)
                  20002440    00000008     pwmled_pem4f.oem4f (.data:xdc_runtime_System_Module_State_0_atexitHandlers__A)
                  20002448    00000008     pwmled_pem4f.oem4f (.data:xdc_runtime_System_Module__state__V)
                  20002450    00000004     drivers_MSP432P401R.aem4f : PWM.oem4f (.data)
                  20002454    00000004     rtsv7M4_T_le_v4SPD16_eabi.lib : errno.obj (.data)
                  20002458    00000004                                   : stkdepth_vars.obj (.data)
                  2000245c    00000004     pwmled_pem4f.oem4f (.data:ti_sysbios_family_arm_m3_Hwi_Module_State_0_excContext__A)
                  20002460    00000004     pwmled_pem4f.oem4f (.data:ti_sysbios_family_arm_m3_Hwi_Module_State_0_excStack__A)
                  20002464    00000004     pwmled_pem4f.oem4f (.data:ti_sysbios_family_arm_m3_TimestampProvider_Module__state__V)
                  20002468    00000004     pwmled_pem4f.oem4f (.data:ti_sysbios_gates_GateHwi_Object__table__V)
                  2000246c    00000004     pwmled_pem4f.oem4f (.data:ti_sysbios_knl_Task_Module_State_0_idleTask__A)
                  20002470    00000004     pwmled_pem4f.oem4f (.data:ti_sysbios_utils_Load_Module_State_0_runningTask__A)
                  20002474    00000004     pwmled_pem4f.oem4f (.data:ti_sysbios_utils_Load_Module_State_0_taskStartTime__A)
                  20002478    00000004     pwmled_pem4f.oem4f (.data:xdc_runtime_Memory_Module__state__V)
                  2000247c    00000002     pwmled_pem4f.oem4f (.data:ti_sysbios_family_arm_m3_Hwi_Module_State_0_excActive__A)
                  2000247e    00000002     pwmled_pem4f.oem4f (.data:xdc_runtime_Error_Module__state__V)
                  20002480    00000001     drivers_MSP432P401R.aem4f : GPIOMSP432.oem4f (.data)

.stack     0    2000fc00    00000400     UNINITIALIZED
                  2000fc00    00000400     --HOLE--

.bootVecs 
*          0    00000000    00000008     DSECT
                  00000000    00000008     boot.aem4f : boot.oem4f (.bootVecs)

.vecs      0    20000000    00000140     UNINITIALIZED
                  20000000    00000140     pwmled_pem4f.oem4f (.vecs)

xdc.meta   0    00000000    0000010a     COPY SECTION
                  00000000    0000010a     pwmled_pem4f.oem4f (xdc.meta)

.binit     0    00000000    00000000     

MODULE SUMMARY

       Module                     code    ro data   rw data
       ------                     ----    -------   -------
    ./
       pwmled.obj                 2404    0         2028   
       MSP_EXP432P401R.obj        44      96        48     
    +--+--------------------------+-------+---------+---------+
       Total:                     2448    96        2076   
                                                           
    /home/abenbihi/courses/6561/hmw3/ECE6561-Project2/ws/pwmled_MSP_EXP432P401R_TI/Debug/configPkg/package/cfg/
       pwmled_pem4f.oem4f         3540    9660      6420   
[...]
000097e9  ti_sysbios_family_arm_m3_Hwi_restoreFxn__E                   
000097e9  ti_sysbios_hal_Hwi_HwiProxy_restore__E                       
000097f1  ti_sysbios_gates_GateHwi_leave__E                            
000097f9  ti_sysbios_heaps_HeapMem_isBlocking__E                       
00009801  ti_sysbios_knl_Queue_Instance_init__E                        
00009809  ti_sysbios_knl_Swi_startup__E                                
00009811  ti_sysbios_gates_GateHwi_query__E                            
00009811  xdc_runtime_Main_Module_GateProxy_query__E                   
00009811  xdc_runtime_System_Module_GateProxy_query__E                 
00009819  ti_sysbios_BIOS_RtsGateProxy_query__E                        
00009819  ti_sysbios_gates_GateMutex_query__E                          
00009819  ti_sysbios_heaps_HeapMem_Module_GateProxy_query__E           
00009821  ti_sysbios_knl_Task_startup__E                               
00009829  ti_sysbios_BIOS_linkedWithIncorrectBootLibrary__E            
00009831  ti_sysbios_family_arm_m3_TimestampProvider_rolloverFunc__E   
00009839  ti_sysbios_gates_GateHwi_Instance_init__E                    
00009841  ti_sysbios_knl_Clock_logTick__E                              
00009848  xdc_runtime_Text_charTab__A                                  
0000b797  xdc_runtime_Error_policy__C                                  
0000b8f0  xdc_runtime_Text_nodeTab__A                                  
0000b9ec  ti_sysbios_family_arm_m3_Hwi_E_NMI__C                        
0000ba88  ti_uia_loggers_LoggerStopMode_Module__FXNS__C                
0000bb30  ti_sysbios_knl_Task_Object__PARAMS__C                        
0000bb6c  ti_sysbios_family_arm_m3_Hwi_Object__PARAMS__C               
0000bb9c  xdc_runtime_Startup_sfxnTab__A                               
0000bbcc  PWMTimerMSP432_fxnTable                                      
0000bbf4  ti_sysbios_heaps_HeapMem_Module__FXNS__C                     
0000bc1c  ti_uia_loggers_LoggerStopMode_Object__PARAMS__C              
0000bc44  PWM_config                                                   
0000bc68  ti_sysbios_gates_GateHwi_Module__FXNS__C                     
0000bc8c  ti_sysbios_gates_GateMutex_Module__FXNS__C                   
0000bcb0  ti_sysbios_heaps_HeapMem_Object__PARAMS__C                   
0000bcd4  ti_sysbios_knl_Semaphore_Object__PARAMS__C                   
0000bcf8  ti_sysbios_family_arm_m3_Hwi_Object__DESC__C                 
0000bd18  ti_sysbios_gates_GateHwi_Object__DESC__C                     
0000bd38  ti_sysbios_gates_GateMutex_Object__DESC__C                   
0000bd58  ti_sysbios_heaps_HeapMem_Object__DESC__C                     
0000bd78  ti_sysbios_knl_Queue_Object__DESC__C                         
0000bd98  ti_sysbios_knl_Semaphore_Object__DESC__C                     
0000bdb8  ti_sysbios_knl_Task_Object__DESC__C                          
0000bdd8  ti_uia_loggers_LoggerStopMode_Object__DESC__C                
0000bdf8  PWM_defaultParams                                            
0000be10  pwmTimerMSP432HWAttrs                                        
0000be28  ti_sysbios_gates_GateHwi_Object__PARAMS__C                   
0000be40  ti_sysbios_gates_GateMutex_Object__PARAMS__C                 
0000be58  ti_sysbios_knl_Queue_Object__PARAMS__C                       
0000be70  xdc_runtime_Startup_sfxnRts__A                               
0000be88  GPIOMSP432_config                                            
0000be9c  PowerMSP432_config                                           
0000beb8  ti_sysbios_knl_Idle_funcList__A                              
0000bec4  xdc_runtime_Startup_firstFxns__A                             
0000bed0  ti_sysbios_family_arm_m3_Hwi_excHookFuncs__A                 
0000bed8  ti_sysbios_knl_Idle_funcList__C                              
0000bee0  xdc_runtime_Startup_firstFxns__C                             
0000bee8  xdc_runtime_Startup_lastFxns__C                              
0000bef0  ti_sysbios_family_arm_m3_Hwi_E_alreadyDefined__C             
0000bef4  ti_sysbios_family_arm_m3_Hwi_E_busFault__C                   
0000bef8  ti_sysbios_family_arm_m3_Hwi_E_debugMon__C                   
0000befc  ti_sysbios_family_arm_m3_Hwi_E_hardFault__C                  
0000bf00  ti_sysbios_family_arm_m3_Hwi_E_memFault__C                   
0000bf04  ti_sysbios_family_arm_m3_Hwi_E_noIsr__C                      
0000bf08  ti_sysbios_family_arm_m3_Hwi_E_reserved__C                   
0000bf0c  ti_sysbios_family_arm_m3_Hwi_E_svCall__C                     
0000bf10  ti_sysbios_family_arm_m3_Hwi_E_usageFault__C                 
0000bf14  ti_sysbios_family_arm_m3_Hwi_NUM_INTERRUPTS__C               
0000bf18  ti_sysbios_family_arm_m3_Hwi_Object__count__C                
0000bf1c  ti_sysbios_family_arm_m3_Hwi_ccr__C                          
0000bf20  ti_sysbios_family_arm_m3_Hwi_excHandlerFunc__C               
0000bf24  ti_sysbios_family_arm_m3_Hwi_excHookFuncs__C                 
0000bf28  ti_sysbios_family_arm_m3_Hwi_nullIsrFunc__C                  
0000bf2c  ti_sysbios_family_arm_m3_Hwi_priGroup__C                     
0000bf30  ti_sysbios_family_arm_m3_TaskSupport_stackAlignment__C       
0000bf34  ti_sysbios_family_arm_m3_Timer_E_cannotSupport__C            
0000bf38  ti_sysbios_family_arm_m3_Timer_startupNeeded__C              
0000bf3c  ti_sysbios_family_arm_msp432_Timer_numTimerDevices__C        
0000bf40  ti_sysbios_family_arm_msp432_Timer_startupNeeded__C          
0000bf44  ti_sysbios_gates_GateMutex_Instance_State_sem__O             
0000bf48  ti_sysbios_hal_Hwi_E_stackOverflow__C                        
0000bf4c  ti_sysbios_heaps_HeapMem_E_memory__C                         
0000bf50  ti_sysbios_heaps_HeapMem_Module__gateObj__C                  
0000bf54  ti_sysbios_heaps_HeapMem_Object__count__C                    
0000bf58  ti_sysbios_heaps_HeapMem_reqAlign__C                         
0000bf5c  ti_sysbios_knl_Clock_Module_State_clockQ__O                  
0000bf60  ti_sysbios_knl_Semaphore_Instance_State_pendQ__O             
0000bf64  ti_sysbios_knl_Swi_Object__count__C                          
0000bf68  ti_sysbios_knl_Task_E_spOutOfBounds__C                       
0000bf6c  ti_sysbios_knl_Task_E_stackOverflow__C                       
0000bf70  ti_sysbios_knl_Task_Module_State_inactiveQ__O                
0000bf74  ti_sysbios_knl_Task_Object__count__C                         
0000bf78  ti_sysbios_knl_Task_allBlockedFunc__C                        
0000bf7c  ti_sysbios_knl_Task_defaultStackHeap__C                      
0000bf80  ti_sysbios_knl_Task_defaultStackSize__C                      
0000bf84  ti_sysbios_knl_Task_numConstructedTasks__C                   
0000bf88  ti_sysbios_utils_Load_postUpdate__C                          
0000bf8c  ti_sysbios_utils_Load_windowInMs__C                          
0000bf90  ti_uia_loggers_LoggerStopMode_Module__diagsEnabled__C        
0000bf94  ti_uia_loggers_LoggerStopMode_Module__diagsIncluded__C       
0000bf98  ti_uia_loggers_LoggerStopMode_Module__diagsMask__C           
0000bf9c  ti_uia_loggers_LoggerStopMode_Object__count__C               
0000bfa0  ti_uia_runtime_ILoggerSnapshot_Interface__BASE__C            
0000bfa4  ti_uia_runtime_IUIATransfer_Interface__BASE__C               
0000bfa8  xdc_runtime_Assert_E_assertFailed__C                         
0000bfac  xdc_runtime_Core_A_initializedParams__C                      
0000bfb0  xdc_runtime_Core_Module__diagsEnabled__C                     
0000bfb4  xdc_runtime_Core_Module__diagsIncluded__C                    
0000bfb8  xdc_runtime_Core_Module__diagsMask__C                        
0000bfbc  xdc_runtime_Error_E_memory__C                                
0000bfc0  xdc_runtime_Error_Module__diagsEnabled__C                    
0000bfc4  xdc_runtime_Error_Module__diagsIncluded__C                   
0000bfc8  xdc_runtime_Error_Module__diagsMask__C                       
0000bfcc  xdc_runtime_Error_Module__loggerFxn8__C                      
0000bfd0  xdc_runtime_Error_Module__loggerObj__C                       
0000bfd4  xdc_runtime_Error_policyFxn__C                               
0000bfd8  xdc_runtime_Error_raiseHook__C                               
0000bfdc  xdc_runtime_IFilterLogger_Interface__BASE__C                 
0000bfe0  xdc_runtime_IGateProvider_Interface__BASE__C                 
0000bfe4  xdc_runtime_IHeap_Interface__BASE__C                         
0000bfe8  xdc_runtime_ILogger_Interface__BASE__C                       
0000bfec  xdc_runtime_IModule_Interface__BASE__C                       
0000bff0  xdc_runtime_Log_L_error__C                                   
0000bff4  xdc_runtime_Memory_defaultHeapInstance__C                    
0000bff8  xdc_runtime_Startup_execImpl__C                              
0000bffc  xdc_runtime_Startup_lastFxns__A                              
0000c000  xdc_runtime_Startup_maxPasses__C                             
0000c004  xdc_runtime_Startup_sfxnRts__C                               
0000c008  xdc_runtime_Startup_sfxnTab__C                               
0000c00c  xdc_runtime_SysMin_bufSize__C                                
0000c010  xdc_runtime_SysMin_outputFunc__C                             
0000c014  xdc_runtime_System_Module__gateObj__C                        
0000c018  xdc_runtime_System_abortFxn__C                               
0000c01c  xdc_runtime_System_exitFxn__C                                
0000c020  xdc_runtime_System_extendFxn__C                              
0000c024  xdc_runtime_System_maxAtexitHandlers__C                      
0000c028  xdc_runtime_Text_charTab__C                                  
0000c02c  xdc_runtime_Text_nameEmpty__C                                
0000c030  xdc_runtime_Text_nameStatic__C                               
0000c034  xdc_runtime_Text_nameUnknown__C                              
0000c038  xdc_runtime_Text_nodeTab__C                                  
0000c03c  xdc_runtime_Text_visitRopeFxn__C                             
0000c040  ti_sysbios_family_arm_m3_Hwi_Module__id__C                   
0000c042  ti_sysbios_family_arm_m3_Timer_Module__id__C                 
0000c044  ti_sysbios_family_arm_m3_TimestampProvider_configTimer__C    
0000c046  ti_sysbios_hal_Hwi_Module__id__C                             
0000c048  ti_sysbios_heaps_HeapMem_Module__id__C                       
0000c04a  ti_sysbios_knl_Task_Module__id__C                            
0000c04c  ti_sysbios_utils_Load_updateInIdle__C                        
0000c04e  ti_uia_loggers_LoggerStopMode_Module__id__C                  
0000c050  ti_uia_loggers_LoggerStopMode_isTimestampEnabled__C          
0000c052  xdc_runtime_Core_Module__id__C                               
0000c054  xdc_runtime_Error_Module__loggerDefined__C                   
0000c056  xdc_runtime_Error_maxDepth__C                                
0000c058  xdc_runtime_Memory_Module__id__C                             
0000c05a  xdc_runtime_SysMin_flushAtExit__C                            
0000c05c  xdc_runtime_Text_charCnt__C                                  
0000c05e  xdc_runtime_Text_isLoaded__C                                 
0000c060  xdc_runtime_Text_registryModsLastId__C                       
0000c062  xdc_runtime_Text_unnamedModsLastId__C                        
0000c068  __TI_static_base__                                           
0000c4ec  __TI_Handler_Table_Base                                      
0000c4f4  __TI_CINIT_Base                                              
0000c4f4  __TI_Handler_Table_Limit                                     
0000c50c  __TI_CINIT_Limit                                             
20000000  ti_sysbios_family_arm_m3_Hwi_ramVectors                      
20000180  ti_sysbios_heaps_HeapMem_Instance_State_0_buf__A             
20000580  ti_uia_loggers_LoggerStopMode_Instance_State_1_packetArray__A
20000980  ti_uia_loggers_LoggerStopMode_Instance_State_2_packetArray__A
20000d80  ti_sysbios_knl_Task_Instance_State_0_stack__A                
20000f80  taskControlStack                                             
20001180  taskPathStack                                                
20001380  taskSensorStack                                              
20001580  ti_uia_loggers_LoggerStopMode_Instance_State_0_packetArray__A
20001780  ti_sysbios_family_arm_m3_Hwi_dispatchTable                   
200018c0  __CIOBUF_                                                    
200019e0  xdc_runtime_SysMin_Module_State_0_outbuf__A                  
20001a60  task2Struct                                                  
20001ab0  taskControlStruct                                            
20001b00  taskPathStruct                                               
20001b50  taskSensorStruct                                             
20001bd0  semControlStruct                                             
20001bf4  DegPos                                                       
20001bf8  RadPos                                                       
20001bfc  Xpos                                                         
20001c00  ti_uia_loggers_LoggerStopMode_Instance_State_0_hdr__A        
20001c30  semPathStruct                                                
20001c4c  semSensorStruct                                              
20001c68  pwmTimerMSP432Objects                                        
20001c80  ti_uia_loggers_LoggerStopMode_Instance_State_1_hdr__A        
20001cb0  Ypos                                                         
20001cb4  benchmarkHandle                                              
20001cb8  semaControl                                                  
20001cbc  semaPath                                                     
20001cc0  semaSensor                                                   
20001cc4  taskControl                                                  
20001cc8  taskPath                                                     
20001ccc  taskSensor                                                   
20001cd0  turnRate_des                                                 
20001cd4  vehicleVelocity                                              
20001cd8  vel_des                                                      
20001cdc  wheelVelocityL                                               
20001ce0  wheelVelocityR                                               
20001d00  ti_uia_loggers_LoggerStopMode_Instance_State_2_hdr__A        
20001d30  PowerMSP432_perfLevels                                       
20001dcc  ti_uia_loggers_LoggerStopMode_Object__table__V               
20001e68  ti_sysbios_utils_Load_Module__state__V                       
20001f80  ti_sysbios_knl_Swi_Module_State_0_readyQ__A                  
20002000  ti_sysbios_knl_Task_Module_State_0_readyQ__A                 
20002080  ti_sysbios_family_arm_msp432_Timer_Object__table__V          
200020cc  ti_sysbios_knl_Task_Object__table__V                         
20002118  ti_sysbios_knl_Task_Module__state__V                         
2000215c  ti_sysbios_gates_GateMutex_Object__table__V                  
20002194  ti_sysbios_family_arm_m3_Hwi_Module__state__V                
200021f8  ti_sysbios_family_arm_m3_Hwi_Object__table__V                
20002228  ti_sysbios_family_arm_m3_Timer_Object__table__V              
20002258  ti_sysbios_knl_Swi_Object__table__V                          
20002288  ti_sysbios_knl_Clock_Module__state__V                        
200022b4  PowerMSP432_module                                           
200022dc  ti_sysbios_BIOS_Module__state__V                             
20002300  ti_sysbios_family_arm_msp432_Timer_Module_State_0_device__A  
20002320  ti_sysbios_knl_Swi_Module__state__V                          
2000233c  countSensorSincePathCall                                     
20002340  countSensorSinceControlCall                                  
20002344  numSensorBetweenPathCall                                     
20002348  numSensorBetweenControlCall                                  
2000234c  leftCount                                                    
20002350  rightCount                                                   
20002354  ti_sysbios_heaps_HeapMem_Object__table__V                    
2000236c  gpioPinConfigs                                               
2000237c  ti_sysbios_family_arm_msp432_Timer_Module_State_0_handles__A 
2000238c  __TI_cleanup_ptr                                             
20002390  __TI_dtors_ptr                                               
20002394  __TI_enable_exit_profile_output                              
20002398  ti_sysbios_family_arm_m3_Timer_Module__state__V              
200023a4  ti_sysbios_family_arm_msp432_ClockFreqs_Module__state__V     
200023b0  ti_sysbios_family_arm_msp432_Timer_Module__state__V          
200023bc  ti_sysbios_knl_Task_Module__root__V                          
200023c8  ti_uia_runtime_QueueDescriptor_Module__state__V              
200023d4  xdc_runtime_SysMin_Module__state__V                          
200023e0  _lock                                                        
200023e4  _unlock                                                      
200023e8  gpioCallbackFunctions                                        
200023f0  ti_uia_runtime_QueueDescriptor_gPtrToFirstDescriptor         
200023f4  ti_uia_runtime_QueueDescriptor_gUpdateCount                  
200023f8  ti_sysbios_family_arm_m3_Hwi_Module__root__V                 
20002400  ti_sysbios_gates_GateHwi_Module__root__V                     
20002408  ti_sysbios_gates_GateMutex_Module__root__V                   
20002410  ti_sysbios_heaps_HeapMem_Module__root__V                     
20002418  ti_sysbios_knl_Queue_Module__root__V                         
20002420  ti_sysbios_knl_Semaphore_Module__root__V                     
20002428  ti_uia_loggers_LoggerStopMode_Module__root__V                
20002430  xdc_runtime_Registry_Module__state__V                        
20002438  xdc_runtime_Startup_Module__state__V                         
20002440  xdc_runtime_System_Module_State_0_atexitHandlers__A          
20002448  xdc_runtime_System_Module__state__V                          
20002454  errno                                                        
20002458  main_func_sp                                                 
2000245c  ti_sysbios_family_arm_m3_Hwi_Module_State_0_excContext__A    
20002460  ti_sysbios_family_arm_m3_Hwi_Module_State_0_excStack__A      
20002464  ti_sysbios_family_arm_m3_TimestampProvider_Module__state__V  
20002468  ti_sysbios_gates_GateHwi_Object__table__V                    
2000246c  ti_sysbios_knl_Task_Module_State_0_idleTask__A               
20002470  ti_sysbios_utils_Load_Module_State_0_runningTask__A          
20002474  ti_sysbios_utils_Load_Module_State_0_taskStartTime__A        
20002478  xdc_runtime_Memory_Module__state__V                          
2000247c  ti_sysbios_family_arm_m3_Hwi_Module_State_0_excActive__A     
2000247e  xdc_runtime_Error_Module__state__V                           
2000fc00  __stack                                                      
20010000  __STACK_END                                                  
4000480c  WDTCTL_SYM                                                   
e000e000  ti_sysbios_family_arm_m3_Hwi_nvic                            
ffffffff  __TI_pprof_out_hndl                                          
ffffffff  __TI_prof_data_size                                          
ffffffff  __TI_prof_data_start                                         
ffffffff  __binit__                                                    
ffffffff  __c_args__                                                   
ffffffff  binit                                                        
UNDEFED   SHT$$INIT_ARRAY$$Base                                        
UNDEFED   SHT$$INIT_ARRAY$$Limit                                       

[753 symbols]
